Archive member included to satisfy reference by file (symbol)

/usr/lib/gcc/arm-none-eabi/12.2.1/../../../arm-none-eabi/lib/thumb/v7e-m+fp/hard/libc_nano.a(lib_a-atexit.o)
                              /usr/lib/gcc/arm-none-eabi/12.2.1/../../../arm-none-eabi/lib/thumb/v7e-m+fp/hard/crt0.o (atexit)
/usr/lib/gcc/arm-none-eabi/12.2.1/../../../arm-none-eabi/lib/thumb/v7e-m+fp/hard/libc_nano.a(lib_a-exit.o)
                              /usr/lib/gcc/arm-none-eabi/12.2.1/../../../arm-none-eabi/lib/thumb/v7e-m+fp/hard/crt0.o (exit)
/usr/lib/gcc/arm-none-eabi/12.2.1/../../../arm-none-eabi/lib/thumb/v7e-m+fp/hard/libc_nano.a(lib_a-fini.o)
                              /usr/lib/gcc/arm-none-eabi/12.2.1/../../../arm-none-eabi/lib/thumb/v7e-m+fp/hard/crt0.o (__libc_fini_array)
/usr/lib/gcc/arm-none-eabi/12.2.1/../../../arm-none-eabi/lib/thumb/v7e-m+fp/hard/libc_nano.a(lib_a-impure.o)
                              /usr/lib/gcc/arm-none-eabi/12.2.1/../../../arm-none-eabi/lib/thumb/v7e-m+fp/hard/libc_nano.a(lib_a-exit.o) (_global_impure_ptr)
/usr/lib/gcc/arm-none-eabi/12.2.1/../../../arm-none-eabi/lib/thumb/v7e-m+fp/hard/libc_nano.a(lib_a-init.o)
                              /usr/lib/gcc/arm-none-eabi/12.2.1/../../../arm-none-eabi/lib/thumb/v7e-m+fp/hard/crt0.o (__libc_init_array)
/usr/lib/gcc/arm-none-eabi/12.2.1/../../../arm-none-eabi/lib/thumb/v7e-m+fp/hard/libc_nano.a(lib_a-memset.o)
                              /usr/lib/gcc/arm-none-eabi/12.2.1/../../../arm-none-eabi/lib/thumb/v7e-m+fp/hard/crt0.o (memset)
/usr/lib/gcc/arm-none-eabi/12.2.1/../../../arm-none-eabi/lib/thumb/v7e-m+fp/hard/libc_nano.a(lib_a-strlen.o)
                              build/main.o (strlen)
/usr/lib/gcc/arm-none-eabi/12.2.1/../../../arm-none-eabi/lib/thumb/v7e-m+fp/hard/libc_nano.a(lib_a-__atexit.o)
                              /usr/lib/gcc/arm-none-eabi/12.2.1/../../../arm-none-eabi/lib/thumb/v7e-m+fp/hard/libc_nano.a(lib_a-atexit.o) (__register_exitproc)
/usr/lib/gcc/arm-none-eabi/12.2.1/../../../arm-none-eabi/lib/thumb/v7e-m+fp/hard/libc_nano.a(lib_a-__call_atexit.o)
                              /usr/lib/gcc/arm-none-eabi/12.2.1/../../../arm-none-eabi/lib/thumb/v7e-m+fp/hard/libc_nano.a(lib_a-__atexit.o) (__call_exitprocs)
/usr/lib/gcc/arm-none-eabi/12.2.1/../../../arm-none-eabi/lib/thumb/v7e-m+fp/hard/libnosys.a(_exit.o)
                              /usr/lib/gcc/arm-none-eabi/12.2.1/../../../arm-none-eabi/lib/thumb/v7e-m+fp/hard/libc_nano.a(lib_a-exit.o) (_exit)
/usr/lib/gcc/arm-none-eabi/12.2.1/thumb/v7e-m+fp/hard/libgcc.a(_aeabi_uldivmod.o)
                              build/stm32f4xx_hal_rcc.o (__aeabi_uldivmod)
/usr/lib/gcc/arm-none-eabi/12.2.1/thumb/v7e-m+fp/hard/libgcc.a(_udivmoddi4.o)
                              /usr/lib/gcc/arm-none-eabi/12.2.1/thumb/v7e-m+fp/hard/libgcc.a(_aeabi_uldivmod.o) (__udivmoddi4)
/usr/lib/gcc/arm-none-eabi/12.2.1/thumb/v7e-m+fp/hard/libgcc.a(_dvmd_tls.o)
                              /usr/lib/gcc/arm-none-eabi/12.2.1/thumb/v7e-m+fp/hard/libgcc.a(_aeabi_uldivmod.o) (__aeabi_ldiv0)

Discarded input sections

 .text          0x00000000        0x0 /usr/lib/gcc/arm-none-eabi/12.2.1/thumb/v7e-m+fp/hard/crti.o
 .data          0x00000000        0x0 /usr/lib/gcc/arm-none-eabi/12.2.1/thumb/v7e-m+fp/hard/crti.o
 .bss           0x00000000        0x0 /usr/lib/gcc/arm-none-eabi/12.2.1/thumb/v7e-m+fp/hard/crti.o
 .data          0x00000000        0x4 /usr/lib/gcc/arm-none-eabi/12.2.1/thumb/v7e-m+fp/hard/crtbegin.o
 .rodata        0x00000000       0x24 /usr/lib/gcc/arm-none-eabi/12.2.1/thumb/v7e-m+fp/hard/crtbegin.o
 .text          0x00000000       0x70 /usr/lib/gcc/arm-none-eabi/12.2.1/../../../arm-none-eabi/lib/thumb/v7e-m+fp/hard/crt0.o
 .data          0x00000000        0x0 /usr/lib/gcc/arm-none-eabi/12.2.1/../../../arm-none-eabi/lib/thumb/v7e-m+fp/hard/crt0.o
 .bss           0x00000000        0x0 /usr/lib/gcc/arm-none-eabi/12.2.1/../../../arm-none-eabi/lib/thumb/v7e-m+fp/hard/crt0.o
 .ARM.extab     0x00000000        0x0 /usr/lib/gcc/arm-none-eabi/12.2.1/../../../arm-none-eabi/lib/thumb/v7e-m+fp/hard/crt0.o
 .ARM.exidx     0x00000000       0x10 /usr/lib/gcc/arm-none-eabi/12.2.1/../../../arm-none-eabi/lib/thumb/v7e-m+fp/hard/crt0.o
 .debug_line    0x00000000       0x75 /usr/lib/gcc/arm-none-eabi/12.2.1/../../../arm-none-eabi/lib/thumb/v7e-m+fp/hard/crt0.o
 .debug_line_str
                0x00000000       0x86 /usr/lib/gcc/arm-none-eabi/12.2.1/../../../arm-none-eabi/lib/thumb/v7e-m+fp/hard/crt0.o
 .debug_info    0x00000000       0x24 /usr/lib/gcc/arm-none-eabi/12.2.1/../../../arm-none-eabi/lib/thumb/v7e-m+fp/hard/crt0.o
 .debug_abbrev  0x00000000       0x14 /usr/lib/gcc/arm-none-eabi/12.2.1/../../../arm-none-eabi/lib/thumb/v7e-m+fp/hard/crt0.o
 .debug_aranges
                0x00000000       0x20 /usr/lib/gcc/arm-none-eabi/12.2.1/../../../arm-none-eabi/lib/thumb/v7e-m+fp/hard/crt0.o
 .debug_str     0x00000000       0x92 /usr/lib/gcc/arm-none-eabi/12.2.1/../../../arm-none-eabi/lib/thumb/v7e-m+fp/hard/crt0.o
[...]
Memory Configuration

Name             Origin             Length             Attributes
FLASH            0x08000000         0x00080000         xr
RAM              0x20000000         0x00020000         xrw
*default*        0x00000000         0xffffffff

Linker script and memory map

LOAD /usr/lib/gcc/arm-none-eabi/12.2.1/thumb/v7e-m+fp/hard/crti.o
LOAD /usr/lib/gcc/arm-none-eabi/12.2.1/thumb/v7e-m+fp/hard/crtbegin.o
LOAD /usr/lib/gcc/arm-none-eabi/12.2.1/../../../arm-none-eabi/lib/thumb/v7e-m+fp/hard/crt0.o
LOAD build/main.o
LOAD build/stm32f4xx_it.o
LOAD build/usbd_conf.o
LOAD build/usbd_desc.o
LOAD build/usbd_cdc_if.o
LOAD build/usb_device.o
LOAD build/system_stm32f4xx.o
LOAD build/stm32f4xx_hal.o
LOAD build/stm32f4xx_hal_cortex.o
LOAD build/stm32f4xx_hal_rcc.o
LOAD build/stm32f4xx_hal_rcc_ex.o
LOAD build/stm32f4xx_hal_flash.o
LOAD build/stm32f4xx_hal_flash_ex.o
LOAD build/stm32f4xx_hal_flash_ramfunc.o
LOAD build/stm32f4xx_hal_dma.o
LOAD build/stm32f4xx_hal_dma_ex.o
LOAD build/stm32f4xx_hal_gpio.o
LOAD build/stm32f4xx_hal_pwr.o
LOAD build/stm32f4xx_hal_pwr_ex.o
LOAD build/stm32f4xx_hal_pcd.o
LOAD build/stm32f4xx_hal_pcd_ex.o
LOAD build/stm32f4xx_ll_usb.o
LOAD build/stm32f4xx_hal_uart.o
LOAD build/usbd_core.o
LOAD build/usbd_ctlreq.o
LOAD build/usbd_ioreq.o
LOAD build/usbd_cdc.o
LOAD build/startup_stm32f411retx.o
LOAD /usr/lib/gcc/arm-none-eabi/12.2.1/../../../arm-none-eabi/lib/thumb/v7e-m+fp/hard/libc_nano.a
LOAD /usr/lib/gcc/arm-none-eabi/12.2.1/../../../arm-none-eabi/lib/thumb/v7e-m+fp/hard/libm.a
LOAD /usr/lib/gcc/arm-none-eabi/12.2.1/../../../arm-none-eabi/lib/thumb/v7e-m+fp/hard/libnosys.a
START GROUP
LOAD /usr/lib/gcc/arm-none-eabi/12.2.1/thumb/v7e-m+fp/hard/libgcc.a
LOAD /usr/lib/gcc/arm-none-eabi/12.2.1/../../../arm-none-eabi/lib/thumb/v7e-m+fp/hard/libc_nano.a
END GROUP
START GROUP
LOAD /usr/lib/gcc/arm-none-eabi/12.2.1/thumb/v7e-m+fp/hard/libgcc.a
LOAD /usr/lib/gcc/arm-none-eabi/12.2.1/../../../arm-none-eabi/lib/thumb/v7e-m+fp/hard/libc_nano.a
END GROUP
LOAD /usr/lib/gcc/arm-none-eabi/12.2.1/thumb/v7e-m+fp/hard/crtend.o
LOAD /usr/lib/gcc/arm-none-eabi/12.2.1/thumb/v7e-m+fp/hard/crtn.o
                0x20020000                        _estack = 0x20020000
                0x00000400                        _Min_Heap_Size = 0x400
                0x00001000                        _Min_Stack_Size = 0x1000

.isr_vector     0x08000000      0x198
                0x08000000                        . = ALIGN (0x4)
 *(.isr_vector)
 .isr_vector    0x08000000      0x198 build/startup_stm32f411retx.o
                0x08000000                g_pfnVectors
                0x08000198                        . = ALIGN (0x4)

.text           0x080001c0     0x47d0
                0x080001c0                        . = ALIGN (0x4)
 *(.text)
 .text          0x080001c0       0x88 /usr/lib/gcc/arm-none-eabi/12.2.1/thumb/v7e-m+fp/hard/crtbegin.o
 .text          0x08000248       0x50 /usr/lib/gcc/arm-none-eabi/12.2.1/../../../arm-none-eabi/lib/thumb/v7e-m+fp/hard/libc_nano.a(lib_a-init.o)
                0x08000248                __libc_init_array
 .text          0x08000298       0xa4 /usr/lib/gcc/arm-none-eabi/12.2.1/../../../arm-none-eabi/lib/thumb/v7e-m+fp/hard/libc_nano.a(lib_a-memset.o)
                0x08000298                memset
 *fill*         0x0800033c        0x4 
 .text          0x08000340       0xdc /usr/lib/gcc/arm-none-eabi/12.2.1/../../../arm-none-eabi/lib/thumb/v7e-m+fp/hard/libc_nano.a(lib_a-strlen.o)
                0x08000340                strlen
 .text          0x0800041c       0x30 /usr/lib/gcc/arm-none-eabi/12.2.1/thumb/v7e-m+fp/hard/libgcc.a(_aeabi_uldivmod.o)
                0x0800041c                __aeabi_uldivmod
 .text          0x0800044c      0x2bc /usr/lib/gcc/arm-none-eabi/12.2.1/thumb/v7e-m+fp/hard/libgcc.a(_udivmoddi4.o)
                0x0800044c                __udivmoddi4
 .text          0x08000708        0x4 /usr/lib/gcc/arm-none-eabi/12.2.1/thumb/v7e-m+fp/hard/libgcc.a(_dvmd_tls.o)
                0x08000708                __aeabi_ldiv0
                0x08000708                __aeabi_idiv0
 *(.text*)
 .text.LED_Init
                0x0800070c       0x50 build/main.o
 .text.UART_Print
                0x0800075c       0x1a build/main.o
 .text.Error_Handler
                0x08000776        0x4 build/main.o
                0x08000776                Error_Handler
 *fill*         0x0800077a        0x2 
 .text.SystemClock_Config
                0x0800077c       0xa0 build/main.o
 .text.USART2_Init
                0x0800081c       0x9c build/main.o
 .text.main     0x080008b8       0x7c build/main.o
                0x080008b8                main
 .text.NMI_Handler
                0x08000934        0x2 build/stm32f4xx_it.o
                0x08000934                NMI_Handler
 .text.HardFault_Handler
                0x08000936        0x2 build/stm32f4xx_it.o
                0x08000936                HardFault_Handler
 .text.MemManage_Handler
                0x08000938        0x2 build/stm32f4xx_it.o
                0x08000938                MemManage_Handler
 .text.BusFault_Handler
                0x0800093a        0x2 build/stm32f4xx_it.o
                0x0800093a                BusFault_Handler
 .text.UsageFault_Handler
                0x0800093c        0x2 build/stm32f4xx_it.o
                0x0800093c                UsageFault_Handler
 .text.SVC_Handler
                0x0800093e        0x2 build/stm32f4xx_it.o
                0x0800093e                SVC_Handler
 .text.DebugMon_Handler
                0x08000940        0x2 build/stm32f4xx_it.o
                0x08000940                DebugMon_Handler
 .text.PendSV_Handler
                0x08000942        0x2 build/stm32f4xx_it.o
                0x08000942                PendSV_Handler
 .text.SysTick_Handler
                0x08000944        0x8 build/stm32f4xx_it.o
                0x08000944                SysTick_Handler
 .text.OTG_FS_IRQHandler
                0x0800094c       0x10 build/stm32f4xx_it.o
                0x0800094c                OTG_FS_IRQHandler
 .text.USART2_IRQHandler
                0x0800095c       0x10 build/stm32f4xx_it.o
                0x0800095c                USART2_IRQHandler
 .text.USBD_Get_USB_Status
                0x0800096c       0x10 build/usbd_conf.o
 .text.HAL_PCD_MspInit
                0x0800097c       0x84 build/usbd_conf.o
                0x0800097c                HAL_PCD_MspInit
 .text.HAL_PCD_SetupStageCallback
                0x08000a00       0x10 build/usbd_conf.o
                0x08000a00                HAL_PCD_SetupStageCallback
 .text.HAL_PCD_DataOutStageCallback
                0x08000a10       0x18 build/usbd_conf.o
                0x08000a10                HAL_PCD_DataOutStageCallback
 .text.HAL_PCD_DataInStageCallback
                0x08000a28       0x16 build/usbd_conf.o
                0x08000a28                HAL_PCD_DataInStageCallback
 .text.HAL_PCD_SOFCallback
                0x08000a3e        0xc build/usbd_conf.o
                0x08000a3e                HAL_PCD_SOFCallback
 .text.HAL_PCD_ResetCallback
                0x08000a4a       0x24 build/usbd_conf.o
                0x08000a4a                HAL_PCD_ResetCallback
 .text.HAL_PCD_SuspendCallback
                0x08000a6e        0xc build/usbd_conf.o
                0x08000a6e                HAL_PCD_SuspendCallback
 .text.HAL_PCD_ResumeCallback
                0x08000a7a        0xc build/usbd_conf.o
                0x08000a7a                HAL_PCD_ResumeCallback
 .text.HAL_PCD_ISOOUTIncompleteCallback
                0x08000a86        0xc build/usbd_conf.o
                0x08000a86                HAL_PCD_ISOOUTIncompleteCallback
 .text.HAL_PCD_ISOINIncompleteCallback
                0x08000a92        0xc build/usbd_conf.o
                0x08000a92                HAL_PCD_ISOINIncompleteCallback
 .text.HAL_PCD_ConnectCallback
                0x08000a9e        0xc build/usbd_conf.o
                0x08000a9e                HAL_PCD_ConnectCallback
 .text.HAL_PCD_DisconnectCallback
                0x08000aaa        0xc build/usbd_conf.o
                0x08000aaa                HAL_PCD_DisconnectCallback
 *fill*         0x08000ab6        0x2 
 .text.USBD_LL_Init
                0x08000ab8       0x60 build/usbd_conf.o
                0x08000ab8                USBD_LL_Init
 .text.USBD_LL_Start
                0x08000b18       0x10 build/usbd_conf.o
                0x08000b18                USBD_LL_Start
 .text.USBD_LL_OpenEP
                0x08000b28       0x16 build/usbd_conf.o
                0x08000b28                USBD_LL_OpenEP
 .text.USBD_LL_CloseEP
                0x08000b3e       0x10 build/usbd_conf.o
                0x08000b3e                USBD_LL_CloseEP
 .text.USBD_LL_StallEP
                0x08000b4e       0x10 build/usbd_conf.o
                0x08000b4e                USBD_LL_StallEP
 .text.USBD_LL_ClearStallEP
                0x08000b5e       0x10 build/usbd_conf.o
                0x08000b5e                USBD_LL_ClearStallEP
 .text.USBD_LL_IsStallEP
                0x08000b6e       0x2c build/usbd_conf.o
                0x08000b6e                USBD_LL_IsStallEP
 .text.USBD_LL_SetUSBAddress
                0x08000b9a       0x10 build/usbd_conf.o
                0x08000b9a                USBD_LL_SetUSBAddress
 .text.USBD_LL_Transmit
                0x08000baa       0x10 build/usbd_conf.o
                0x08000baa                USBD_LL_Transmit
 .text.USBD_LL_PrepareReceive
                0x08000bba       0x10 build/usbd_conf.o
                0x08000bba                USBD_LL_PrepareReceive
 .text.USBD_LL_GetRxDataSize
                0x08000bca        0xc build/usbd_conf.o
                0x08000bca                USBD_LL_GetRxDataSize
 *fill*         0x08000bd6        0x2 
 .text.USBD_static_malloc
                0x08000bd8        0x8 build/usbd_conf.o
                0x08000bd8                USBD_static_malloc
 .text.USBD_static_free
                0x08000be0        0x2 build/usbd_conf.o
                0x08000be0                USBD_static_free
 *fill*         0x08000be2        0x2 
 .text.USBD_VCP_DeviceDescriptor
                0x08000be4        0xc build/usbd_desc.o
 .text.USBD_VCP_LangIDStrDescriptor
                0x08000bf0        0xc build/usbd_desc.o
 .text.IntToUnicode
                0x08000bfc       0x46 build/usbd_desc.o
 *fill*         0x08000c42        0x2 
 .text.Get_SerialNum
                0x08000c44       0x38 build/usbd_desc.o
 .text.USBD_VCP_SerialStrDescriptor
                0x08000c7c       0x14 build/usbd_desc.o
 .text.USBD_VCP_InterfaceStrDescriptor
                0x08000c90       0x1c build/usbd_desc.o
 .text.USBD_VCP_ConfigStrDescriptor
                0x08000cac       0x1c build/usbd_desc.o
 .text.USBD_VCP_ProductStrDescriptor
                0x08000cc8       0x1c build/usbd_desc.o
 .text.USBD_VCP_ManufacturerStrDescriptor
                0x08000ce4       0x1c build/usbd_desc.o
 .text.CDC_DeInit
                0x08000d00        0xc build/usbd_cdc_if.o
 .text.CDC_Control
                0x08000d0c       0x58 build/usbd_cdc_if.o
 .text.CDC_TransmitCplt
                0x08000d64        0x4 build/usbd_cdc_if.o
 .text.CDC_Init
                0x08000d68       0x30 build/usbd_cdc_if.o
 .text.CDC_Receive
                0x08000d98       0x30 build/usbd_cdc_if.o
 .text.CDC_Transmit_FS
                0x08000dc8       0x30 build/usbd_cdc_if.o
                0x08000dc8                CDC_Transmit_FS
 .text.MX_USB_Device_Init
                0x08000df8       0x38 build/usb_device.o
                0x08000df8                MX_USB_Device_Init
 .text.usb_send_hello
                0x08000e30       0x10 build/usb_device.o
                0x08000e30                usb_send_hello
 .text.SystemInit
                0x08000e40       0x1c build/system_stm32f4xx.o
                0x08000e40                SystemInit
 .text.HAL_MspInit
                0x08000e5c        0x2 build/stm32f4xx_hal.o
                0x08000e5c                HAL_MspInit
 *fill*         0x08000e5e        0x2 
 .text.HAL_InitTick
                0x08000e60       0x4c build/stm32f4xx_hal.o
                0x08000e60                HAL_InitTick
 .text.HAL_Init
                0x08000eac       0x34 build/stm32f4xx_hal.o
                0x08000eac                HAL_Init
 .text.HAL_IncTick
                0x08000ee0       0x18 build/stm32f4xx_hal.o
                0x08000ee0                HAL_IncTick
 .text.HAL_GetTick
                0x08000ef8        0xc build/stm32f4xx_hal.o
                0x08000ef8                HAL_GetTick
 .text.HAL_Delay
                0x08000f04       0x28 build/stm32f4xx_hal.o
                0x08000f04                HAL_Delay
 .text.__NVIC_EnableIRQ
                0x08000f2c       0x1c build/stm32f4xx_hal_cortex.o
 .text.__NVIC_SetPriority
                0x08000f48       0x28 build/stm32f4xx_hal_cortex.o
 .text.NVIC_EncodePriority
                0x08000f70       0x3e build/stm32f4xx_hal_cortex.o
 *fill*         0x08000fae        0x2 
 .text.HAL_NVIC_SetPriorityGrouping
                0x08000fb0       0x24 build/stm32f4xx_hal_cortex.o
                0x08000fb0                HAL_NVIC_SetPriorityGrouping
 .text.HAL_NVIC_SetPriority
                0x08000fd4       0x20 build/stm32f4xx_hal_cortex.o
                0x08000fd4                HAL_NVIC_SetPriority
 .text.HAL_NVIC_EnableIRQ
                0x08000ff4        0x8 build/stm32f4xx_hal_cortex.o
                0x08000ff4                HAL_NVIC_EnableIRQ
 .text.HAL_SYSTICK_Config
                0x08000ffc       0x28 build/stm32f4xx_hal_cortex.o
                0x08000ffc                HAL_SYSTICK_Config
 .text.HAL_RCC_OscConfig
                0x08001024      0x3f8 build/stm32f4xx_hal_rcc.o
                0x08001024                HAL_RCC_OscConfig
 .text.HAL_RCC_GetSysClockFreq
                0x0800141c       0xa8 build/stm32f4xx_hal_rcc.o
                0x0800141c                HAL_RCC_GetSysClockFreq
 .text.HAL_RCC_ClockConfig
                0x080014c4      0x160 build/stm32f4xx_hal_rcc.o
                0x080014c4                HAL_RCC_ClockConfig
 .text.HAL_RCC_GetHCLKFreq
                0x08001624        0xc build/stm32f4xx_hal_rcc.o
                0x08001624                HAL_RCC_GetHCLKFreq
 .text.HAL_RCC_GetPCLK1Freq
                0x08001630       0x20 build/stm32f4xx_hal_rcc.o
                0x08001630                HAL_RCC_GetPCLK1Freq
 .text.HAL_RCC_GetPCLK2Freq
                0x08001650       0x20 build/stm32f4xx_hal_rcc.o
                0x08001650                HAL_RCC_GetPCLK2Freq
 .text.HAL_DMA_Abort
                0x08001670       0x94 build/stm32f4xx_hal_dma.o
                0x08001670                HAL_DMA_Abort
 .text.HAL_DMA_Abort_IT
                0x08001704       0x26 build/stm32f4xx_hal_dma.o
                0x08001704                HAL_DMA_Abort_IT
 *fill*         0x0800172a        0x2 
 .text.HAL_GPIO_Init
                0x0800172c      0x1c8 build/stm32f4xx_hal_gpio.o
                0x0800172c                HAL_GPIO_Init
 .text.HAL_GPIO_WritePin
                0x080018f4        0xc build/stm32f4xx_hal_gpio.o
                0x080018f4                HAL_GPIO_WritePin
 .text.HAL_GPIO_TogglePin
                0x08001900       0x12 build/stm32f4xx_hal_gpio.o
                0x08001900                HAL_GPIO_TogglePin
 .text.PCD_WriteEmptyTxFifo
                0x08001912       0xd0 build/stm32f4xx_hal_pcd.o
 .text.HAL_PCD_Init
                0x080019e2      0x102 build/stm32f4xx_hal_pcd.o
                0x080019e2                HAL_PCD_Init
 .text.HAL_PCD_Start
                0x08001ae4       0x44 build/stm32f4xx_hal_pcd.o
                0x08001ae4                HAL_PCD_Start
 .text.PCD_EP_OutXfrComplete_int
                0x08001b28      0x104 build/stm32f4xx_hal_pcd.o
 .text.PCD_EP_OutSetupPacket_int
                0x08001c2c       0x50 build/stm32f4xx_hal_pcd.o
 .text.HAL_PCD_SetAddress
                0x08001c7c       0x26 build/stm32f4xx_hal_pcd.o
                0x08001c7c                HAL_PCD_SetAddress
 .text.HAL_PCD_EP_Open
                0x08001ca2       0x8c build/stm32f4xx_hal_pcd.o
                0x08001ca2                HAL_PCD_EP_Open
 .text.HAL_PCD_EP_Close
                0x08001d2e       0x70 build/stm32f4xx_hal_pcd.o
                0x08001d2e                HAL_PCD_EP_Close
 .text.HAL_PCD_EP_Receive
                0x08001d9e       0x4a build/stm32f4xx_hal_pcd.o
                0x08001d9e                HAL_PCD_EP_Receive
 .text.HAL_PCD_EP_GetRxCount
                0x08001de8       0x12 build/stm32f4xx_hal_pcd.o
                0x08001de8                HAL_PCD_EP_GetRxCount
 .text.HAL_PCD_EP_Transmit
                0x08001dfa       0x4a build/stm32f4xx_hal_pcd.o
                0x08001dfa                HAL_PCD_EP_Transmit
 .text.HAL_PCD_EP_SetStall
                0x08001e44       0x86 build/stm32f4xx_hal_pcd.o
                0x08001e44                HAL_PCD_EP_SetStall
 .text.HAL_PCD_EP_ClrStall
                0x08001eca       0x74 build/stm32f4xx_hal_pcd.o
                0x08001eca                HAL_PCD_EP_ClrStall
 .text.HAL_PCD_EP_Abort
                0x08001f3e       0x34 build/stm32f4xx_hal_pcd.o
                0x08001f3e                HAL_PCD_EP_Abort
 .text.HAL_PCD_IRQHandler
                0x08001f72      0x5ba build/stm32f4xx_hal_pcd.o
                0x08001f72                HAL_PCD_IRQHandler
 .text.HAL_PCDEx_SetTxFiFo
                0x0800252c       0x4c build/stm32f4xx_hal_pcd_ex.o
                0x0800252c                HAL_PCDEx_SetTxFiFo
 .text.HAL_PCDEx_SetRxFiFo
                0x08002578        0x8 build/stm32f4xx_hal_pcd_ex.o
                0x08002578                HAL_PCDEx_SetRxFiFo
 .text.HAL_PCDEx_LPM_Callback
                0x08002580        0x2 build/stm32f4xx_hal_pcd_ex.o
                0x08002580                HAL_PCDEx_LPM_Callback
 .text.USB_CoreReset
                0x08002582       0x58 build/stm32f4xx_ll_usb.o
 .text.USB_CoreInit
                0x080025da       0x92 build/stm32f4xx_ll_usb.o
                0x080025da                USB_CoreInit
 .text.USB_SetTurnaroundTime
                0x0800266c       0xe4 build/stm32f4xx_ll_usb.o
                0x0800266c                USB_SetTurnaroundTime
 .text.USB_EnableGlobalInt
                0x08002750        0xc build/stm32f4xx_ll_usb.o
                0x08002750                USB_EnableGlobalInt
 .text.USB_DisableGlobalInt
                0x0800275c        0xc build/stm32f4xx_ll_usb.o
                0x0800275c                USB_DisableGlobalInt
 .text.USB_FlushTxFifo
                0x08002768       0x4a build/stm32f4xx_ll_usb.o
                0x08002768                USB_FlushTxFifo
 .text.USB_FlushRxFifo
                0x080027b2       0x46 build/stm32f4xx_ll_usb.o
                0x080027b2                USB_FlushRxFifo
 .text.USB_SetDevSpeed
                0x080027f8        0xe build/stm32f4xx_ll_usb.o
                0x080027f8                USB_SetDevSpeed
 *fill*         0x08002806        0x2 
 .text.USB_DevInit
                0x08002808      0x194 build/stm32f4xx_ll_usb.o
                0x08002808                USB_DevInit
 .text.USB_GetDevSpeed
                0x0800299c       0x22 build/stm32f4xx_ll_usb.o
                0x0800299c                USB_GetDevSpeed
 .text.USB_ActivateEndpoint
                0x080029be       0x9a build/stm32f4xx_ll_usb.o
                0x080029be                USB_ActivateEndpoint
 .text.USB_DeactivateEndpoint
                0x08002a58       0xe0 build/stm32f4xx_ll_usb.o
                0x08002a58                USB_DeactivateEndpoint
 .text.USB_EPStopXfer
                0x08002b38       0xbe build/stm32f4xx_ll_usb.o
                0x08002b38                USB_EPStopXfer
 .text.USB_WritePacket
                0x08002bf6       0x2e build/stm32f4xx_ll_usb.o
                0x08002bf6                USB_WritePacket
 .text.USB_EPStartXfer
                0x08002c24      0x250 build/stm32f4xx_ll_usb.o
                0x08002c24                USB_EPStartXfer
 .text.USB_ReadPacket
                0x08002e74       0x46 build/stm32f4xx_ll_usb.o
                0x08002e74                USB_ReadPacket
 .text.USB_EPSetStall
                0x08002eba       0x5a build/stm32f4xx_ll_usb.o
                0x08002eba                USB_EPSetStall
 .text.USB_EPClearStall
                0x08002f14       0x5c build/stm32f4xx_ll_usb.o
                0x08002f14                USB_EPClearStall
 .text.USB_SetDevAddress
                0x08002f70       0x20 build/stm32f4xx_ll_usb.o
                0x08002f70                USB_SetDevAddress
 .text.USB_DevConnect
                0x08002f90       0x1c build/stm32f4xx_ll_usb.o
                0x08002f90                USB_DevConnect
 .text.USB_DevDisconnect
                0x08002fac       0x1c build/stm32f4xx_ll_usb.o
                0x08002fac                USB_DevDisconnect
 .text.USB_ReadInterrupts
                0x08002fc8        0x8 build/stm32f4xx_ll_usb.o
                0x08002fc8                USB_ReadInterrupts
 .text.USB_ReadDevAllOutEpInterrupt
                0x08002fd0       0x10 build/stm32f4xx_ll_usb.o
                0x08002fd0                USB_ReadDevAllOutEpInterrupt
 .text.USB_ReadDevAllInEpInterrupt
                0x08002fe0       0x10 build/stm32f4xx_ll_usb.o
                0x08002fe0                USB_ReadDevAllInEpInterrupt
 .text.USB_ReadDevOutEPInterrupt
                0x08002ff0       0x12 build/stm32f4xx_ll_usb.o
                0x08002ff0                USB_ReadDevOutEPInterrupt
 .text.USB_ReadDevInEPInterrupt
                0x08003002       0x24 build/stm32f4xx_ll_usb.o
                0x08003002                USB_ReadDevInEPInterrupt
 .text.USB_GetMode
                0x08003026        0x8 build/stm32f4xx_ll_usb.o
                0x08003026                USB_GetMode
 .text.USB_SetCurrentMode
                0x0800302e       0x62 build/stm32f4xx_ll_usb.o
                0x0800302e                USB_SetCurrentMode
 .text.USB_ActivateSetup
                0x08003090       0x20 build/stm32f4xx_ll_usb.o
                0x08003090                USB_ActivateSetup
 .text.USB_EP0_OutStart
                0x080030b0       0x60 build/stm32f4xx_ll_usb.o
                0x080030b0                USB_EP0_OutStart
 .text.UART_EndRxTransfer
                0x08003110       0x5c build/stm32f4xx_hal_uart.o
 .text.UART_Transmit_IT
                0x0800316c       0x60 build/stm32f4xx_hal_uart.o
 .text.UART_SetConfig
                0x080031cc      0x110 build/stm32f4xx_hal_uart.o
 .text.UART_WaitOnFlagUntilTimeout
                0x080032dc       0x86 build/stm32f4xx_hal_uart.o
 .text.HAL_UART_MspInit
                0x08003362        0x2 build/stm32f4xx_hal_uart.o
                0x08003362                HAL_UART_MspInit
 .text.HAL_UART_Init
                0x08003364       0x60 build/stm32f4xx_hal_uart.o
                0x08003364                HAL_UART_Init
 .text.HAL_UART_Transmit
                0x080033c4       0xcc build/stm32f4xx_hal_uart.o
                0x080033c4                HAL_UART_Transmit
 .text.HAL_UART_TxCpltCallback
                0x08003490        0x2 build/stm32f4xx_hal_uart.o
                0x08003490                HAL_UART_TxCpltCallback
 .text.UART_EndTransmit_IT
                0x08003492       0x1a build/stm32f4xx_hal_uart.o
 .text.HAL_UART_RxCpltCallback
                0x080034ac        0x2 build/stm32f4xx_hal_uart.o
                0x080034ac                HAL_UART_RxCpltCallback
 .text.HAL_UART_ErrorCallback
                0x080034ae        0x2 build/stm32f4xx_hal_uart.o
                0x080034ae                HAL_UART_ErrorCallback
 .text.UART_DMAAbortOnError
                0x080034b0        0xe build/stm32f4xx_hal_uart.o
 .text.HAL_UARTEx_RxEventCallback
                0x080034be        0x2 build/stm32f4xx_hal_uart.o
                0x080034be                HAL_UARTEx_RxEventCallback
 .text.UART_Receive_IT
                0x080034c0       0xe6 build/stm32f4xx_hal_uart.o
 *fill*         0x080035a6        0x2 
 .text.HAL_UART_IRQHandler
                0x080035a8      0x2a0 build/stm32f4xx_hal_uart.o
                0x080035a8                HAL_UART_IRQHandler
 .text.USBD_Init
                0x08003848       0x2e build/usbd_core.o
                0x08003848                USBD_Init
 .text.USBD_RegisterClass
                0x08003876       0x34 build/usbd_core.o
                0x08003876                USBD_RegisterClass
 .text.USBD_Start
                0x080038aa        0x8 build/usbd_core.o
                0x080038aa                USBD_Start
 .text.USBD_SetClassConfig
                0x080038b2       0x12 build/usbd_core.o
                0x080038b2                USBD_SetClassConfig
 .text.USBD_ClrClassConfig
                0x080038c4       0x12 build/usbd_core.o
                0x080038c4                USBD_ClrClassConfig
 .text.USBD_LL_SetupStage
                0x080038d6       0x58 build/usbd_core.o
                0x080038d6                USBD_LL_SetupStage
 .text.USBD_LL_Reset
                0x0800392e       0x66 build/usbd_core.o
                0x0800392e                USBD_LL_Reset
 .text.USBD_LL_SetSpeed
                0x08003994        0x6 build/usbd_core.o
                0x08003994                USBD_LL_SetSpeed
 .text.USBD_LL_Suspend
                0x0800399a       0x1e build/usbd_core.o
                0x0800399a                USBD_LL_Suspend
 .text.USBD_LL_Resume
                0x080039b8       0x1a build/usbd_core.o
                0x080039b8                USBD_LL_Resume
 .text.USBD_LL_SOF
                0x080039d2       0x22 build/usbd_core.o
                0x080039d2                USBD_LL_SOF
 .text.USBD_LL_IsoINIncomplete
                0x080039f4       0x2e build/usbd_core.o
                0x080039f4                USBD_LL_IsoINIncomplete
 .text.USBD_LL_IsoOUTIncomplete
                0x08003a22       0x2e build/usbd_core.o
                0x08003a22                USBD_LL_IsoOUTIncomplete
 .text.USBD_LL_DevConnected
                0x08003a50        0x4 build/usbd_core.o
                0x08003a50                USBD_LL_DevConnected
 .text.USBD_LL_DevDisconnected
                0x08003a54       0x20 build/usbd_core.o
                0x08003a54                USBD_LL_DevDisconnected
 .text.USBD_CoreFindIF
                0x08003a74        0x4 build/usbd_core.o
                0x08003a74                USBD_CoreFindIF
 .text.USBD_CoreFindEP
                0x08003a78        0x4 build/usbd_core.o
                0x08003a78                USBD_CoreFindEP
 .text.USBD_LL_DataOutStage
                0x08003a7c       0xcc build/usbd_core.o
                0x08003a7c                USBD_LL_DataOutStage
 .text.USBD_LL_DataInStage
                0x08003b48       0xd8 build/usbd_core.o
                0x08003b48                USBD_LL_DataInStage
 .text.USBD_GetNextDesc
                0x08003c20        0xe build/usbd_core.o
                0x08003c20                USBD_GetNextDesc
 .text.USBD_GetEpDesc
                0x08003c2e       0x3e build/usbd_core.o
                0x08003c2e                USBD_GetEpDesc
 .text.USBD_GetLen
                0x08003c6c       0x14 build/usbd_ctlreq.o
 .text.USBD_ParseSetupRequest
                0x08003c80       0x28 build/usbd_ctlreq.o
                0x08003c80                USBD_ParseSetupRequest
 .text.USBD_CtlError
                0x08003ca8       0x14 build/usbd_ctlreq.o
                0x08003ca8                USBD_CtlError
 .text.USBD_GetDescriptor
                0x08003cbc      0x18a build/usbd_ctlreq.o
 .text.USBD_SetAddress
                0x08003e46       0x50 build/usbd_ctlreq.o
 *fill*         0x08003e96        0x2 
 .text.USBD_SetConfig
                0x08003e98       0xcc build/usbd_ctlreq.o
 .text.USBD_GetConfig
                0x08003f64       0x40 build/usbd_ctlreq.o
 .text.USBD_GetStatus
                0x08003fa4       0x38 build/usbd_ctlreq.o
 .text.USBD_SetFeature
                0x08003fdc       0x2a build/usbd_ctlreq.o
 .text.USBD_ClrFeature
                0x08004006       0x26 build/usbd_ctlreq.o
 .text.USBD_StdDevReq
                0x0800402c       0x76 build/usbd_ctlreq.o
                0x0800402c                USBD_StdDevReq
 .text.USBD_StdItfReq
                0x080040a2       0x84 build/usbd_ctlreq.o
                0x080040a2                USBD_StdItfReq
 .text.USBD_StdEPReq
                0x08004126      0x232 build/usbd_ctlreq.o
                0x08004126                USBD_StdEPReq
 .text.USBD_GetString
                0x08004358       0x46 build/usbd_ctlreq.o
                0x08004358                USBD_GetString
 .text.USBD_CtlSendData
                0x0800439e       0x1c build/usbd_ioreq.o
                0x0800439e                USBD_CtlSendData
 .text.USBD_CtlContinueSendData
                0x080043ba       0x10 build/usbd_ioreq.o
                0x080043ba                USBD_CtlContinueSendData
 .text.USBD_CtlPrepareRx
                0x080043ca       0x22 build/usbd_ioreq.o
                0x080043ca                USBD_CtlPrepareRx
 .text.USBD_CtlContinueRx
                0x080043ec       0x10 build/usbd_ioreq.o
                0x080043ec                USBD_CtlContinueRx
 .text.USBD_CtlSendStatus
                0x080043fc       0x16 build/usbd_ioreq.o
                0x080043fc                USBD_CtlSendStatus
 .text.USBD_CtlReceiveStatus
                0x08004412       0x16 build/usbd_ioreq.o
                0x08004412                USBD_CtlReceiveStatus
 .text.USBD_CDC_EP0_RxReady
                0x08004428       0x40 build/usbd_cdc.o
 .text.USBD_CDC_GetDeviceQualifierDescriptor
                0x08004468        0xc build/usbd_cdc.o
                0x08004468                USBD_CDC_GetDeviceQualifierDescriptor
 .text.USBD_CDC_GetOtherSpeedCfgDesc
                0x08004474       0x48 build/usbd_cdc.o
 .text.USBD_CDC_GetFSCfgDesc
                0x080044bc       0x48 build/usbd_cdc.o
 .text.USBD_CDC_GetHSCfgDesc
                0x08004504       0x48 build/usbd_cdc.o
 .text.USBD_CDC_DataOut
                0x0800454c       0x38 build/usbd_cdc.o
 .text.USBD_CDC_DataIn
                0x08004584       0x7c build/usbd_cdc.o
 .text.USBD_CDC_Setup
                0x08004600      0x11a build/usbd_cdc.o
 .text.USBD_CDC_DeInit
                0x0800471a       0x64 build/usbd_cdc.o
 .text.USBD_CDC_Init
                0x0800477e       0xee build/usbd_cdc.o
 .text.USBD_CDC_RegisterInterface
                0x0800486c       0x16 build/usbd_cdc.o
                0x0800486c                USBD_CDC_RegisterInterface
 .text.USBD_CDC_SetTxBuffer
                0x08004882       0x1c build/usbd_cdc.o
                0x08004882                USBD_CDC_SetTxBuffer
 .text.USBD_CDC_SetRxBuffer
                0x0800489e       0x18 build/usbd_cdc.o
                0x0800489e                USBD_CDC_SetRxBuffer
 .text.USBD_CDC_TransmitPacket
                0x080048b6       0x36 build/usbd_cdc.o
                0x080048b6                USBD_CDC_TransmitPacket
 .text.USBD_CDC_ReceivePacket
                0x080048ec       0x38 build/usbd_cdc.o
                0x080048ec                USBD_CDC_ReceivePacket
 .text.Reset_Handler
                0x08004924       0x50 build/startup_stm32f411retx.o
                0x08004924                Reset_Handler
 .text.Default_Handler
                0x08004974        0x2 build/startup_stm32f411retx.o
                0x08004974                RTC_Alarm_IRQHandler
                0x08004974                EXTI2_IRQHandler
                0x08004974                SPI4_IRQHandler
                0x08004974                TIM1_CC_IRQHandler
                0x08004974                DMA2_Stream5_IRQHandler
                0x08004974                DMA1_Stream5_IRQHandler
                0x08004974                PVD_IRQHandler
                0x08004974                SDIO_IRQHandler
                0x08004974                TAMP_STAMP_IRQHandler
                0x08004974                EXTI3_IRQHandler
                0x08004974                TIM1_UP_TIM10_IRQHandler
                0x08004974                I2C3_ER_IRQHandler
                0x08004974                EXTI0_IRQHandler
                0x08004974                I2C2_EV_IRQHandler
                0x08004974                DMA1_Stream2_IRQHandler
                0x08004974                FPU_IRQHandler
                0x08004974                DMA2_Stream2_IRQHandler
                0x08004974                SPI1_IRQHandler
                0x08004974                TIM1_BRK_TIM9_IRQHandler
                0x08004974                DMA2_Stream3_IRQHandler
                0x08004974                USART6_IRQHandler
                0x08004974                DMA2_Stream0_IRQHandler
                0x08004974                TIM4_IRQHandler
                0x08004974                I2C1_EV_IRQHandler
                0x08004974                DMA1_Stream6_IRQHandler
                0x08004974                DMA1_Stream1_IRQHandler
                0x08004974                TIM3_IRQHandler
                0x08004974                RCC_IRQHandler
                0x08004974                Default_Handler
                0x08004974                EXTI15_10_IRQHandler
                0x08004974                ADC_IRQHandler
                0x08004974                DMA1_Stream7_IRQHandler
                0x08004974                SPI5_IRQHandler
                0x08004974                TIM5_IRQHandler
                0x08004974                DMA2_Stream7_IRQHandler
                0x08004974                I2C3_EV_IRQHandler
                0x08004974                EXTI9_5_IRQHandler
                0x08004974                RTC_WKUP_IRQHandler
                0x08004974                SPI2_IRQHandler
                0x08004974                DMA1_Stream0_IRQHandler
                0x08004974                EXTI4_IRQHandler
                0x08004974                WWDG_IRQHandler
                0x08004974                TIM2_IRQHandler
                0x08004974                OTG_FS_WKUP_IRQHandler
                0x08004974                TIM1_TRG_COM_TIM11_IRQHandler
                0x08004974                EXTI1_IRQHandler
                0x08004974                I2C2_ER_IRQHandler
                0x08004974                DMA2_Stream1_IRQHandler
                0x08004974                FLASH_IRQHandler
                0x08004974                DMA2_Stream4_IRQHandler
                0x08004974                USART1_IRQHandler
                0x08004974                SPI3_IRQHandler
                0x08004974                DMA1_Stream4_IRQHandler
                0x08004974                I2C1_ER_IRQHandler
                0x08004974                DMA2_Stream6_IRQHandler
                0x08004974                DMA1_Stream3_IRQHandler
 *(.glue_7)
 .glue_7        0x08004976        0x0 linker stubs
 *(.glue_7t)
 .glue_7t       0x08004976        0x0 linker stubs
 *(.eh_frame)
 *fill*         0x08004976        0x2 
 .eh_frame      0x08004978        0x0 /usr/lib/gcc/arm-none-eabi/12.2.1/thumb/v7e-m+fp/hard/crtbegin.o
 *(.init)
 .init          0x08004978        0x4 /usr/lib/gcc/arm-none-eabi/12.2.1/thumb/v7e-m+fp/hard/crti.o
                0x08004978                _init
 .init          0x0800497c        0x8 /usr/lib/gcc/arm-none-eabi/12.2.1/thumb/v7e-m+fp/hard/crtn.o
 *(.fini)
 .fini          0x08004984        0x4 /usr/lib/gcc/arm-none-eabi/12.2.1/thumb/v7e-m+fp/hard/crti.o
                0x08004984                _fini
 .fini          0x08004988        0x8 /usr/lib/gcc/arm-none-eabi/12.2.1/thumb/v7e-m+fp/hard/crtn.o
                0x08004990                        . = ALIGN (0x4)
                0x08004990                        _etext = .

.vfp11_veneer   0x08004990        0x0
 .vfp11_veneer  0x08004990        0x0 linker stubs

.v4_bx          0x08004990        0x0
 .v4_bx         0x08004990        0x0 linker stubs

.iplt           0x08004990        0x0
 .iplt          0x08004990        0x0 /usr/lib/gcc/arm-none-eabi/12.2.1/thumb/v7e-m+fp/hard/crtbegin.o

.rodata         0x08004990       0xe4
                0x08004990                        . = ALIGN (0x4)
 *(.rodata)
 *(.rodata*)
 .rodata.main.str1.4
                0x08004990       0x89 build/main.o
 *fill*         0x08004a19        0x3 
 .rodata.USBD_VCP_InterfaceStrDescriptor.str1.4
                0x08004a1c        0xe build/usbd_desc.o
 *fill*         0x08004a2a        0x2 
 .rodata.USBD_VCP_ConfigStrDescriptor.str1.4
                0x08004a2c        0xb build/usbd_desc.o
 *fill*         0x08004a37        0x1 
 .rodata.USBD_VCP_ProductStrDescriptor.str1.4
                0x08004a38        0xf build/usbd_desc.o
 *fill*         0x08004a47        0x1 
 .rodata.USBD_VCP_ManufacturerStrDescriptor.str1.4
                0x08004a48       0x13 build/usbd_desc.o
 *fill*         0x08004a5b        0x1 
 .rodata.APBPrescTable
                0x08004a5c        0x8 build/system_stm32f4xx.o
                0x08004a5c                APBPrescTable
 .rodata.AHBPrescTable
                0x08004a64       0x10 build/system_stm32f4xx.o
                0x08004a64                AHBPrescTable
                0x08004a74                        . = ALIGN (0x4)

.ARM.extab
 *(.ARM.extab* .gnu.linkonce.armextab.*)

.ARM            0x08004a74        0x8
                0x08004a74                        __exidx_start = .
 *(.ARM.exidx*)
 .ARM.exidx     0x08004a74        0x8 /usr/lib/gcc/arm-none-eabi/12.2.1/thumb/v7e-m+fp/hard/libgcc.a(_udivmoddi4.o)
                0x08004a7c                        __exidx_end = .

.rel.dyn        0x08004a7c        0x0
 .rel.iplt      0x08004a7c        0x0 /usr/lib/gcc/arm-none-eabi/12.2.1/thumb/v7e-m+fp/hard/crtbegin.o

.preinit_array  0x08004a7c        0x0
                0x08004a7c                        PROVIDE (__preinit_array_start = .)
 *(.preinit_array*)
                0x08004a7c                        PROVIDE (__preinit_array_end = .)

.init_array     0x08004a7c        0x4
                0x08004a7c                        PROVIDE (__init_array_start = .)
 *(SORT_BY_NAME(.init_array.*))
 *(.init_array*)
 .init_array    0x08004a7c        0x4 /usr/lib/gcc/arm-none-eabi/12.2.1/thumb/v7e-m+fp/hard/crtbegin.o
                0x08004a80                        PROVIDE (__init_array_end = .)

.fini_array     0x08004a80        0x4
                0x08004a80                        PROVIDE (__fini_array_start = .)
 *(SORT_BY_NAME(.fini_array.*))
 *(.fini_array*)
 .fini_array    0x08004a80        0x4 /usr/lib/gcc/arm-none-eabi/12.2.1/thumb/v7e-m+fp/hard/crtbegin.o
                0x08004a84                        PROVIDE (__fini_array_end = .)
                0x08004a84                        _sidata = LOADADDR (.data)

.data           0x20000000      0x110 load address 0x08004a84
                0x20000000                        . = ALIGN (0x4)
                0x20000000                        _sdata = .
 *(.data)
 *(.data*)
 .data.USBD_StringSerial
                0x20000000       0x1a build/usbd_desc.o
                0x20000000                USBD_StringSerial
 *fill*         0x2000001a        0x2 
 .data.USBD_LangIDDesc
                0x2000001c        0x4 build/usbd_desc.o
                0x2000001c                USBD_LangIDDesc
 .data.USBD_DeviceDesc
                0x20000020       0x12 build/usbd_desc.o
                0x20000020                USBD_DeviceDesc
 *fill*         0x20000032        0x2 
 .data.CDC_Desc
                0x20000034       0x1c build/usbd_desc.o
                0x20000034                CDC_Desc
 .data.USBD_Interface_fops_FS
                0x20000050       0x14 build/usbd_cdc_if.o
                0x20000050                USBD_Interface_fops_FS
 .data.LineCoding
                0x20000064        0x8 build/usbd_cdc_if.o
                0x20000064                LineCoding
 .data.msg.0    0x2000006c        0xd build/usb_device.o
 *fill*         0x20000079        0x3 
 .data.SystemCoreClock
                0x2000007c        0x4 build/system_stm32f4xx.o
                0x2000007c                SystemCoreClock
 .data.uwTickFreq
                0x20000080        0x1 build/stm32f4xx_hal.o
                0x20000080                uwTickFreq
 *fill*         0x20000081        0x3 
 .data.uwTickPrio
                0x20000084        0x4 build/stm32f4xx_hal.o
                0x20000084                uwTickPrio
 .data.USBD_CDC_CfgDesc
                0x20000088       0x43 build/usbd_cdc.o
 *fill*         0x200000cb        0x1 
 .data.USBD_CDC
                0x200000cc       0x38 build/usbd_cdc.o
                0x200000cc                USBD_CDC
 .data.USBD_CDC_DeviceQualifierDesc
                0x20000104        0xa build/usbd_cdc.o
                0x20000110                        . = ALIGN (0x4)
 *fill*         0x2000010e        0x2 
                0x20000110                        _edata = .

.tm_clone_table
                0x20000110        0x0 load address 0x08004b94
 .tm_clone_table
                0x20000110        0x0 /usr/lib/gcc/arm-none-eabi/12.2.1/thumb/v7e-m+fp/hard/crtbegin.o
 .tm_clone_table
                0x20000110        0x0 /usr/lib/gcc/arm-none-eabi/12.2.1/thumb/v7e-m+fp/hard/crtend.o

.igot.plt       0x20000110        0x0 load address 0x08004b94
 .igot.plt      0x20000110        0x0 /usr/lib/gcc/arm-none-eabi/12.2.1/thumb/v7e-m+fp/hard/crtbegin.o
                0x20000110                        . = ALIGN (0x4)

.bss            0x20000110     0x1050 load address 0x08004b94
                0x20000110                        _sbss = .
                0x20000110                        __bss_start__ = _sbss
 *(.bss)
 .bss           0x20000110       0x1c /usr/lib/gcc/arm-none-eabi/12.2.1/thumb/v7e-m+fp/hard/crtbegin.o
 *(.bss*)
 .bss.hello_sent
                0x2000012c        0x1 build/main.o
                0x2000012c                hello_sent
 .bss.usb_ready
                0x2000012d        0x1 build/main.o
                0x2000012d                usb_ready
 *fill*         0x2000012e        0x2 
 .bss.huart2    0x20000130       0x48 build/main.o
                0x20000130                huart2
 .bss.mem.0     0x20000178      0x220 build/usbd_conf.o
 .bss.hpcd      0x20000398      0x4e4 build/usbd_conf.o
                0x20000398                hpcd
 .bss.USBD_StrDesc
                0x2000087c      0x200 build/usbd_desc.o
                0x2000087c                USBD_StrDesc
 .bss.UserTxBuffer
                0x20000a7c      0x200 build/usbd_cdc_if.o
                0x20000a7c                UserTxBuffer
 .bss.UserRxBuffer
                0x20000c7c      0x200 build/usbd_cdc_if.o
                0x20000c7c                UserRxBuffer
 .bss.USBD_Device
                0x20000e7c      0x2dc build/usb_device.o
                0x20000e7c                USBD_Device
 .bss.uwTick    0x20001158        0x4 build/stm32f4xx_hal.o
                0x20001158                uwTick
 .bss.cfgidx.0  0x2000115c        0x1 build/usbd_ctlreq.o
 *(COMMON)
                0x20001160                        . = ALIGN (0x4)
 *fill*         0x2000115d        0x3 
                0x20001160                        _ebss = .
                0x20001160                        __bss_end__ = _ebss

._user_heap_stack
                0x20001160     0x1400 load address 0x08004b94
                0x20001160                        . = ALIGN (0x8)
                [!provide]                        PROVIDE (end = .)
                [!provide]                        PROVIDE (_end = .)
                0x20001560                        . = (. + _Min_Heap_Size)
 *fill*         0x20001160      0x400 
                0x20002560                        . = (. + _Min_Stack_Size)
 *fill*         0x20001560     0x1000 
                0x20002560                        . = ALIGN (0x8)

/DISCARD/
 libc.a(*)
 libm.a(*)
 libgcc.a(*)

.ARM.attributes
                0x00000000       0x30
 *(.ARM.attributes)
 .ARM.attributes
                0x00000000       0x22 /usr/lib/gcc/arm-none-eabi/12.2.1/thumb/v7e-m+fp/hard/crti.o
 .ARM.attributes
                0x00000022       0x34 /usr/lib/gcc/arm-none-eabi/12.2.1/thumb/v7e-m+fp/hard/crtbegin.o
 .ARM.attributes
                0x00000056       0x34 build/main.o
 .ARM.attributes
                0x0000008a       0x34 build/stm32f4xx_it.o
 .ARM.attributes
                0x000000be       0x34 build/usbd_conf.o
 .ARM.attributes
                0x000000f2       0x34 build/usbd_desc.o
 .ARM.attributes
                0x00000126       0x34 build/usbd_cdc_if.o
 .ARM.attributes
                0x0000015a       0x34 build/usb_device.o
 .ARM.attributes
                0x0000018e       0x34 build/system_stm32f4xx.o
 .ARM.attributes
                0x000001c2       0x34 build/stm32f4xx_hal.o
 .ARM.attributes
                0x000001f6       0x34 build/stm32f4xx_hal_cortex.o
 .ARM.attributes
                0x0000022a       0x34 build/stm32f4xx_hal_rcc.o
 .ARM.attributes
                0x0000025e       0x34 build/stm32f4xx_hal_dma.o
 .ARM.attributes
                0x00000292       0x34 build/stm32f4xx_hal_gpio.o
 .ARM.attributes
                0x000002c6       0x34 build/stm32f4xx_hal_pcd.o
 .ARM.attributes
                0x000002fa       0x34 build/stm32f4xx_hal_pcd_ex.o
 .ARM.attributes
                0x0000032e       0x34 build/stm32f4xx_ll_usb.o
 .ARM.attributes
                0x00000362       0x34 build/stm32f4xx_hal_uart.o
 .ARM.attributes
                0x00000396       0x34 build/usbd_core.o
 .ARM.attributes
                0x000003ca       0x34 build/usbd_ctlreq.o
 .ARM.attributes
                0x000003fe       0x34 build/usbd_ioreq.o
 .ARM.attributes
                0x00000432       0x34 build/usbd_cdc.o
 .ARM.attributes
                0x00000466       0x21 build/startup_stm32f411retx.o
 .ARM.attributes
                0x00000487       0x34 /usr/lib/gcc/arm-none-eabi/12.2.1/../../../arm-none-eabi/lib/thumb/v7e-m+fp/hard/libc_nano.a(lib_a-init.o)
 .ARM.attributes
                0x000004bb       0x34 /usr/lib/gcc/arm-none-eabi/12.2.1/../../../arm-none-eabi/lib/thumb/v7e-m+fp/hard/libc_nano.a(lib_a-memset.o)
 .ARM.attributes
                0x000004ef       0x1c /usr/lib/gcc/arm-none-eabi/12.2.1/../../../arm-none-eabi/lib/thumb/v7e-m+fp/hard/libc_nano.a(lib_a-strlen.o)
 .ARM.attributes
                0x0000050b       0x22 /usr/lib/gcc/arm-none-eabi/12.2.1/thumb/v7e-m+fp/hard/libgcc.a(_aeabi_uldivmod.o)
 .ARM.attributes
                0x0000052d       0x34 /usr/lib/gcc/arm-none-eabi/12.2.1/thumb/v7e-m+fp/hard/libgcc.a(_udivmoddi4.o)
 .ARM.attributes
                0x00000561       0x22 /usr/lib/gcc/arm-none-eabi/12.2.1/thumb/v7e-m+fp/hard/libgcc.a(_dvmd_tls.o)
 .ARM.attributes
                0x00000583       0x34 /usr/lib/gcc/arm-none-eabi/12.2.1/thumb/v7e-m+fp/hard/crtend.o
 .ARM.attributes
                0x000005b7       0x22 /usr/lib/gcc/arm-none-eabi/12.2.1/thumb/v7e-m+fp/hard/crtn.o
OUTPUT(build/F411_CDC_Blinky.elf elf32-littlearm)
LOAD linker stubs
LOAD /usr/lib/gcc/arm-none-eabi/12.2.1/../../../arm-none-eabi/lib/thumb/v7e-m+fp/hard/libc.a
LOAD /usr/lib/gcc/arm-none-eabi/12.2.1/../../../arm-none-eabi/lib/thumb/v7e-m+fp/hard/libm.a
LOAD /usr/lib/gcc/arm-none-eabi/12.2.1/thumb/v7e-m+fp/hard/libgcc.a

.comment        0x00000000       0x26
 .comment       0x00000000       0x26 /usr/lib/gcc/arm-none-eabi/12.2.1/thumb/v7e-m+fp/hard/crtbegin.o
                                 0x27 (size before relaxing)
 .comment       0x00000026       0x27 build/main.o
 .comment       0x00000026       0x27 build/stm32f4xx_it.o
 .comment       0x00000026       0x27 build/usbd_conf.o
 .comment       0x00000026       0x27 build/usbd_desc.o
 .comment       0x00000026       0x27 build/usbd_cdc_if.o
 .comment       0x00000026       0x27 build/usb_device.o
 .comment       0x00000026       0x27 build/system_stm32f4xx.o
 .comment       0x00000026       0x27 build/stm32f4xx_hal.o
 .comment       0x00000026       0x27 build/stm32f4xx_hal_cortex.o
 .comment       0x00000026       0x27 build/stm32f4xx_hal_rcc.o
 .comment       0x00000026       0x27 build/stm32f4xx_hal_dma.o
 .comment       0x00000026       0x27 build/stm32f4xx_hal_gpio.o
 .comment       0x00000026       0x27 build/stm32f4xx_hal_pcd.o
 .comment       0x00000026       0x27 build/stm32f4xx_hal_pcd_ex.o
 .comment       0x00000026       0x27 build/stm32f4xx_ll_usb.o
 .comment       0x00000026       0x27 build/stm32f4xx_hal_uart.o
 .comment       0x00000026       0x27 build/usbd_core.o
 .comment       0x00000026       0x27 build/usbd_ctlreq.o
 .comment       0x00000026       0x27 build/usbd_ioreq.o
 .comment       0x00000026       0x27 build/usbd_cdc.o
 .comment       0x00000026       0x27 /usr/lib/gcc/arm-none-eabi/12.2.1/../../../arm-none-eabi/lib/thumb/v7e-m+fp/hard/libc_nano.a(lib_a-init.o)
 .comment       0x00000026       0x27 /usr/lib/gcc/arm-none-eabi/12.2.1/../../../arm-none-eabi/lib/thumb/v7e-m+fp/hard/libc_nano.a(lib_a-memset.o)
 .comment       0x00000026       0x27 /usr/lib/gcc/arm-none-eabi/12.2.1/thumb/v7e-m+fp/hard/libgcc.a(_udivmoddi4.o)
 .comment       0x00000026       0x27 /usr/lib/gcc/arm-none-eabi/12.2.1/thumb/v7e-m+fp/hard/crtend.o

.debug_info     0x00000000    0x17c88
 .debug_info    0x00000000     0x127f build/main.o
 .debug_info    0x0000127f      0xc7d build/stm32f4xx_it.o
 .debug_info    0x00001efc     0x2019 build/usbd_conf.o
 .debug_info    0x00003f15      0x5c2 build/usbd_desc.o
 .debug_info    0x000044d7      0xb42 build/usbd_cdc_if.o
 .debug_info    0x00005019      0x8a9 build/usb_device.o
 .debug_info    0x000058c2      0x5cd build/system_stm32f4xx.o
 .debug_info    0x00005e8f      0xa85 build/stm32f4xx_hal.o
 .debug_info    0x00006914     0x10f2 build/stm32f4xx_hal_cortex.o
 .debug_info    0x00007a06      0xc1d build/stm32f4xx_hal_rcc.o
 .debug_info    0x00008623      0xbae build/stm32f4xx_hal_dma.o
 .debug_info    0x000091d1      0x84e build/stm32f4xx_hal_gpio.o
 .debug_info    0x00009a1f     0x1efd build/stm32f4xx_hal_pcd.o
 .debug_info    0x0000b91c      0x7a7 build/stm32f4xx_hal_pcd_ex.o
 .debug_info    0x0000c0c3     0x21d5 build/stm32f4xx_ll_usb.o
 .debug_info    0x0000e298     0x434c build/stm32f4xx_hal_uart.o
 .debug_info    0x000125e4     0x143c build/usbd_core.o
 .debug_info    0x00013a20     0x1575 build/usbd_ctlreq.o
 .debug_info    0x00014f95      0x9c2 build/usbd_ioreq.o
 .debug_info    0x00015957     0x1972 build/usbd_cdc.o
 .debug_info    0x000172c9      0x10b /usr/lib/gcc/arm-none-eabi/12.2.1/../../../arm-none-eabi/lib/thumb/v7e-m+fp/hard/libc_nano.a(lib_a-init.o)
 .debug_info    0x000173d4      0x135 /usr/lib/gcc/arm-none-eabi/12.2.1/../../../arm-none-eabi/lib/thumb/v7e-m+fp/hard/libc_nano.a(lib_a-memset.o)
 .debug_info    0x00017509       0x33 /usr/lib/gcc/arm-none-eabi/12.2.1/../../../arm-none-eabi/lib/thumb/v7e-m+fp/hard/libc_nano.a(lib_a-strlen.o)
 .debug_info    0x0001753c       0x24 /usr/lib/gcc/arm-none-eabi/12.2.1/thumb/v7e-m+fp/hard/libgcc.a(_aeabi_uldivmod.o)
 .debug_info    0x00017560      0x6ef /usr/lib/gcc/arm-none-eabi/12.2.1/thumb/v7e-m+fp/hard/libgcc.a(_udivmoddi4.o)
 .debug_info    0x00017c4f       0x39 /usr/lib/gcc/arm-none-eabi/12.2.1/thumb/v7e-m+fp/hard/libgcc.a(_dvmd_tls.o)

.debug_abbrev   0x00000000     0x370b
 .debug_abbrev  0x00000000      0x2d7 build/main.o
 .debug_abbrev  0x000002d7      0x1b3 build/stm32f4xx_it.o
 .debug_abbrev  0x0000048a      0x366 build/usbd_conf.o
 .debug_abbrev  0x000007f0      0x202 build/usbd_desc.o
 .debug_abbrev  0x000009f2      0x28d build/usbd_cdc_if.o
 .debug_abbrev  0x00000c7f      0x1b6 build/usb_device.o
 .debug_abbrev  0x00000e35      0x11b build/system_stm32f4xx.o
 .debug_abbrev  0x00000f50      0x275 build/stm32f4xx_hal.o
 .debug_abbrev  0x000011c5      0x3ca build/stm32f4xx_hal_cortex.o
 .debug_abbrev  0x0000158f      0x2de build/stm32f4xx_hal_rcc.o
 .debug_abbrev  0x0000186d      0x2be build/stm32f4xx_hal_dma.o
 .debug_abbrev  0x00001b2b      0x22b build/stm32f4xx_hal_gpio.o
 .debug_abbrev  0x00001d56      0x2e7 build/stm32f4xx_hal_pcd.o
 .debug_abbrev  0x0000203d      0x1c5 build/stm32f4xx_hal_pcd_ex.o
 .debug_abbrev  0x00002202      0x344 build/stm32f4xx_ll_usb.o
 .debug_abbrev  0x00002546      0x377 build/stm32f4xx_hal_uart.o
 .debug_abbrev  0x000028bd      0x2ec build/usbd_core.o
 .debug_abbrev  0x00002ba9      0x359 build/usbd_ctlreq.o
 .debug_abbrev  0x00002f02      0x195 build/usbd_ioreq.o
 .debug_abbrev  0x00003097      0x32f build/usbd_cdc.o
 .debug_abbrev  0x000033c6       0xc9 /usr/lib/gcc/arm-none-eabi/12.2.1/../../../arm-none-eabi/lib/thumb/v7e-m+fp/hard/libc_nano.a(lib_a-init.o)
 .debug_abbrev  0x0000348f       0xb7 /usr/lib/gcc/arm-none-eabi/12.2.1/../../../arm-none-eabi/lib/thumb/v7e-m+fp/hard/libc_nano.a(lib_a-memset.o)
 .debug_abbrev  0x00003546       0x28 /usr/lib/gcc/arm-none-eabi/12.2.1/../../../arm-none-eabi/lib/thumb/v7e-m+fp/hard/libc_nano.a(lib_a-strlen.o)
 .debug_abbrev  0x0000356e       0x14 /usr/lib/gcc/arm-none-eabi/12.2.1/thumb/v7e-m+fp/hard/libgcc.a(_aeabi_uldivmod.o)
 .debug_abbrev  0x00003582      0x16a /usr/lib/gcc/arm-none-eabi/12.2.1/thumb/v7e-m+fp/hard/libgcc.a(_udivmoddi4.o)
 .debug_abbrev  0x000036ec       0x1f /usr/lib/gcc/arm-none-eabi/12.2.1/thumb/v7e-m+fp/hard/libgcc.a(_dvmd_tls.o)

.debug_loc      0x00000000     0xfe94
 .debug_loc     0x00000000      0x146 build/main.o
 .debug_loc     0x00000146       0x60 build/stm32f4xx_it.o
 .debug_loc     0x000001a6      0xcce build/usbd_conf.o
 .debug_loc     0x00000e74      0x3a6 build/usbd_desc.o
 .debug_loc     0x0000121a      0x23b build/usbd_cdc_if.o
 .debug_loc     0x00001455       0x40 build/usb_device.o
 .debug_loc     0x00001495       0xbe build/system_stm32f4xx.o
 .debug_loc     0x00001553      0x1e1 build/stm32f4xx_hal.o
 .debug_loc     0x00001734      0x7c7 build/stm32f4xx_hal_cortex.o
 .debug_loc     0x00001efb      0x6e4 build/stm32f4xx_hal_rcc.o
 .debug_loc     0x000025df      0xd6d build/stm32f4xx_hal_dma.o
 .debug_loc     0x0000334c      0x5db build/stm32f4xx_hal_gpio.o
 .debug_loc     0x00003927     0x1649 build/stm32f4xx_hal_pcd.o
 .debug_loc     0x00004f70      0x116 build/stm32f4xx_hal_pcd_ex.o
 .debug_loc     0x00005086     0x267f build/stm32f4xx_ll_usb.o
 .debug_loc     0x00007705     0x4d8a build/stm32f4xx_hal_uart.o
 .debug_loc     0x0000c48f     0x1067 build/usbd_core.o
 .debug_loc     0x0000d4f6     0x1a2a build/usbd_ctlreq.o
 .debug_loc     0x0000ef20      0x398 build/usbd_ioreq.o
 .debug_loc     0x0000f2b8      0xbdc build/usbd_cdc.o

.debug_aranges  0x00000000      0xe40
 .debug_aranges
                0x00000000       0x48 build/main.o
 .debug_aranges
                0x00000048       0x70 build/stm32f4xx_it.o
 .debug_aranges
                0x000000b8      0x110 build/usbd_conf.o
 .debug_aranges
                0x000001c8       0x60 build/usbd_desc.o
 .debug_aranges
                0x00000228       0x48 build/usbd_cdc_if.o
 .debug_aranges
                0x00000270       0x28 build/usb_device.o
 .debug_aranges
                0x00000298       0x28 build/system_stm32f4xx.o
 .debug_aranges
                0x000002c0       0xf0 build/stm32f4xx_hal.o
 .debug_aranges
                0x000003b0       0xf8 build/stm32f4xx_hal_cortex.o
 .debug_aranges
                0x000004a8       0x88 build/stm32f4xx_hal_rcc.o
 .debug_aranges
                0x00000530       0x90 build/stm32f4xx_hal_dma.o
 .debug_aranges
                0x000005c0       0x58 build/stm32f4xx_hal_gpio.o
 .debug_aranges
                0x00000618      0x148 build/stm32f4xx_hal_pcd.o
 .debug_aranges
                0x00000760       0x38 build/stm32f4xx_hal_pcd_ex.o
 .debug_aranges
                0x00000798      0x1a0 build/stm32f4xx_ll_usb.o
 .debug_aranges
                0x00000938      0x208 build/stm32f4xx_hal_uart.o
 .debug_aranges
                0x00000b40       0xd8 build/usbd_core.o
 .debug_aranges
                0x00000c18       0x88 build/usbd_ctlreq.o
 .debug_aranges
                0x00000ca0       0x50 build/usbd_ioreq.o
 .debug_aranges
                0x00000cf0       0x90 build/usbd_cdc.o
 .debug_aranges
                0x00000d80       0x20 /usr/lib/gcc/arm-none-eabi/12.2.1/../../../arm-none-eabi/lib/thumb/v7e-m+fp/hard/libc_nano.a(lib_a-init.o)
 .debug_aranges
                0x00000da0       0x20 /usr/lib/gcc/arm-none-eabi/12.2.1/../../../arm-none-eabi/lib/thumb/v7e-m+fp/hard/libc_nano.a(lib_a-memset.o)
 .debug_aranges
                0x00000dc0       0x20 /usr/lib/gcc/arm-none-eabi/12.2.1/../../../arm-none-eabi/lib/thumb/v7e-m+fp/hard/libc_nano.a(lib_a-strlen.o)
 .debug_aranges
                0x00000de0       0x20 /usr/lib/gcc/arm-none-eabi/12.2.1/thumb/v7e-m+fp/hard/libgcc.a(_aeabi_uldivmod.o)
 .debug_aranges
                0x00000e00       0x20 /usr/lib/gcc/arm-none-eabi/12.2.1/thumb/v7e-m+fp/hard/libgcc.a(_udivmoddi4.o)
 .debug_aranges
                0x00000e20       0x20 /usr/lib/gcc/arm-none-eabi/12.2.1/thumb/v7e-m+fp/hard/libgcc.a(_dvmd_tls.o)

.debug_ranges   0x00000000      0xc58
 .debug_ranges  0x00000000       0x38 build/main.o
 .debug_ranges  0x00000038       0x60 build/stm32f4xx_it.o
 .debug_ranges  0x00000098      0x100 build/usbd_conf.o
 .debug_ranges  0x00000198       0x50 build/usbd_desc.o
 .debug_ranges  0x000001e8       0x38 build/usbd_cdc_if.o
 .debug_ranges  0x00000220       0x18 build/usb_device.o
 .debug_ranges  0x00000238       0x18 build/system_stm32f4xx.o
 .debug_ranges  0x00000250       0xe0 build/stm32f4xx_hal.o
 .debug_ranges  0x00000330       0xe8 build/stm32f4xx_hal_cortex.o
 .debug_ranges  0x00000418       0x90 build/stm32f4xx_hal_rcc.o
 .debug_ranges  0x000004a8       0x80 build/stm32f4xx_hal_dma.o
 .debug_ranges  0x00000528       0x48 build/stm32f4xx_hal_gpio.o
 .debug_ranges  0x00000570      0x138 build/stm32f4xx_hal_pcd.o
 .debug_ranges  0x000006a8       0x28 build/stm32f4xx_hal_pcd_ex.o
 .debug_ranges  0x000006d0      0x190 build/stm32f4xx_ll_usb.o
 .debug_ranges  0x00000860      0x1f8 build/stm32f4xx_hal_uart.o
 .debug_ranges  0x00000a58       0xc8 build/usbd_core.o
 .debug_ranges  0x00000b20       0x78 build/usbd_ctlreq.o
 .debug_ranges  0x00000b98       0x40 build/usbd_ioreq.o
 .debug_ranges  0x00000bd8       0x80 build/usbd_cdc.o

.debug_line     0x00000000     0xed4e
 .debug_line    0x00000000      0x49d build/main.o
 .debug_line    0x0000049d      0x2b5 build/stm32f4xx_it.o
 .debug_line    0x00000752      0x735 build/usbd_conf.o
 .debug_line    0x00000e87      0x2cd build/usbd_desc.o
 .debug_line    0x00001154      0x2c4 build/usbd_cdc_if.o
 .debug_line    0x00001418      0x193 build/usb_device.o
 .debug_line    0x000015ab      0x20b build/system_stm32f4xx.o
 .debug_line    0x000017b6      0x566 build/stm32f4xx_hal.o
 .debug_line    0x00001d1c      0x853 build/stm32f4xx_hal_cortex.o
 .debug_line    0x0000256f      0xb1a build/stm32f4xx_hal_rcc.o
 .debug_line    0x00003089      0xe39 build/stm32f4xx_hal_dma.o
 .debug_line    0x00003ec2      0x67e build/stm32f4xx_hal_gpio.o
 .debug_line    0x00004540     0x154a build/stm32f4xx_hal_pcd.o
 .debug_line    0x00005a8a      0x28a build/stm32f4xx_hal_pcd_ex.o
 .debug_line    0x00005d14     0x1fbd build/stm32f4xx_ll_usb.o
 .debug_line    0x00007cd1     0x42fe build/stm32f4xx_hal_uart.o
 .debug_line    0x0000bfcf      0x9c3 build/usbd_core.o
 .debug_line    0x0000c992      0xd3e build/usbd_ctlreq.o
 .debug_line    0x0000d6d0      0x292 build/usbd_ioreq.o
 .debug_line    0x0000d962      0xa7b build/usbd_cdc.o
 .debug_line    0x0000e3dd      0x12c /usr/lib/gcc/arm-none-eabi/12.2.1/../../../arm-none-eabi/lib/thumb/v7e-m+fp/hard/libc_nano.a(lib_a-init.o)
 .debug_line    0x0000e509      0x1b0 /usr/lib/gcc/arm-none-eabi/12.2.1/../../../arm-none-eabi/lib/thumb/v7e-m+fp/hard/libc_nano.a(lib_a-memset.o)
 .debug_line    0x0000e6b9       0x87 /usr/lib/gcc/arm-none-eabi/12.2.1/../../../arm-none-eabi/lib/thumb/v7e-m+fp/hard/libc_nano.a(lib_a-strlen.o)
 .debug_line    0x0000e740       0x4e /usr/lib/gcc/arm-none-eabi/12.2.1/thumb/v7e-m+fp/hard/libgcc.a(_aeabi_uldivmod.o)
 .debug_line    0x0000e78e      0x576 /usr/lib/gcc/arm-none-eabi/12.2.1/thumb/v7e-m+fp/hard/libgcc.a(_udivmoddi4.o)
 .debug_line    0x0000ed04       0x4a /usr/lib/gcc/arm-none-eabi/12.2.1/thumb/v7e-m+fp/hard/libgcc.a(_dvmd_tls.o)

.debug_str      0x00000000     0x4d79
 .debug_str     0x00000000      0xd4a build/main.o
                                0xdfe (size before relaxing)
 .debug_str     0x00000d4a      0x461 build/stm32f4xx_it.o
                                0xa62 (size before relaxing)
 .debug_str     0x000011ab      0x85b build/usbd_conf.o
                               0x13fe (size before relaxing)
 .debug_str     0x00001a06      0x19e build/usbd_desc.o
                                0x45d (size before relaxing)
 .debug_str     0x00001ba4      0x196 build/usbd_cdc_if.o
                                0x7a4 (size before relaxing)
 .debug_str     0x00001d3a       0x5d build/usb_device.o
                                0x6af (size before relaxing)
 .debug_str     0x00001d97       0xd3 build/system_stm32f4xx.o
                                0x372 (size before relaxing)
 .debug_str     0x00001e6a      0x360 build/stm32f4xx_hal.o
                                0xa39 (size before relaxing)
 .debug_str     0x000021ca      0x47f build/stm32f4xx_hal_cortex.o
                                0xb24 (size before relaxing)
 .debug_str     0x00002649      0x1c0 build/stm32f4xx_hal_rcc.o
                                0x713 (size before relaxing)
 .debug_str     0x00002809      0x331 build/stm32f4xx_hal_dma.o
                                0x787 (size before relaxing)
 .debug_str     0x00002b3a      0x125 build/stm32f4xx_hal_gpio.o
                                0x4f8 (size before relaxing)
 .debug_str     0x00002c5f      0x5e3 build/stm32f4xx_hal_pcd.o
                                0xe0b (size before relaxing)
 .debug_str     0x00003242      0x133 build/stm32f4xx_hal_pcd_ex.o
                                0x749 (size before relaxing)
 .debug_str     0x00003375      0x4b9 build/stm32f4xx_ll_usb.o
                                0xd34 (size before relaxing)
 .debug_str     0x0000382e      0x634 build/stm32f4xx_hal_uart.o
                                0xd96 (size before relaxing)
 .debug_str     0x00003e62      0x29c build/usbd_core.o
                                0xa05 (size before relaxing)
 .debug_str     0x000040fe      0x12a build/usbd_ctlreq.o
                                0x830 (size before relaxing)
 .debug_str     0x00004228       0x81 build/usbd_ioreq.o
                                0x705 (size before relaxing)
 .debug_str     0x000042a9      0x1c6 build/usbd_cdc.o
                                0xdc5 (size before relaxing)
 .debug_str     0x0000446f      0x159 /usr/lib/gcc/arm-none-eabi/12.2.1/../../../arm-none-eabi/lib/thumb/v7e-m+fp/hard/libc_nano.a(lib_a-init.o)
                                0x1fb (size before relaxing)
 .debug_str     0x000045c8       0x9d /usr/lib/gcc/arm-none-eabi/12.2.1/../../../arm-none-eabi/lib/thumb/v7e-m+fp/hard/libc_nano.a(lib_a-memset.o)
                                0x1b0 (size before relaxing)
 .debug_str     0x00004665       0xaf /usr/lib/gcc/arm-none-eabi/12.2.1/../../../arm-none-eabi/lib/thumb/v7e-m+fp/hard/libc_nano.a(lib_a-strlen.o)
                                 0xb6 (size before relaxing)
 .debug_str     0x00004714       0xa3 /usr/lib/gcc/arm-none-eabi/12.2.1/thumb/v7e-m+fp/hard/libgcc.a(_aeabi_uldivmod.o)
 .debug_str     0x000047b7      0x576 /usr/lib/gcc/arm-none-eabi/12.2.1/thumb/v7e-m+fp/hard/libgcc.a(_udivmoddi4.o)
                                0x676 (size before relaxing)
 .debug_str     0x00004d2d       0x4c /usr/lib/gcc/arm-none-eabi/12.2.1/thumb/v7e-m+fp/hard/libgcc.a(_dvmd_tls.o)
                                 0xc3 (size before relaxing)

.debug_frame    0x00000000     0x2334
 .debug_frame   0x00000000       0xbc build/main.o
 .debug_frame   0x000000bc       0xd8 build/stm32f4xx_it.o
 .debug_frame   0x00000194      0x2e4 build/usbd_conf.o
 .debug_frame   0x00000478       0xe0 build/usbd_desc.o
 .debug_frame   0x00000558       0x8c build/usbd_cdc_if.o
 .debug_frame   0x000005e4       0x40 build/usb_device.o
 .debug_frame   0x00000624       0x30 build/system_stm32f4xx.o
 .debug_frame   0x00000654      0x1ec build/stm32f4xx_hal.o
 .debug_frame   0x00000840      0x214 build/stm32f4xx_hal_cortex.o
 .debug_frame   0x00000a54      0x16c build/stm32f4xx_hal_rcc.o
 .debug_frame   0x00000bc0      0x188 build/stm32f4xx_hal_dma.o
 .debug_frame   0x00000d48       0xd8 build/stm32f4xx_hal_gpio.o
 .debug_frame   0x00000e20      0x388 build/stm32f4xx_hal_pcd.o
 .debug_frame   0x000011a8       0x5c build/stm32f4xx_hal_pcd_ex.o
 .debug_frame   0x00001204      0x490 build/stm32f4xx_ll_usb.o
 .debug_frame   0x00001694      0x5e0 build/stm32f4xx_hal_uart.o
 .debug_frame   0x00001c74      0x240 build/usbd_core.o
 .debug_frame   0x00001eb4      0x180 build/usbd_ctlreq.o
 .debug_frame   0x00002034       0xb8 build/usbd_ioreq.o
 .debug_frame   0x000020ec      0x190 build/usbd_cdc.o
 .debug_frame   0x0000227c       0x2c /usr/lib/gcc/arm-none-eabi/12.2.1/../../../arm-none-eabi/lib/thumb/v7e-m+fp/hard/libc_nano.a(lib_a-init.o)
 .debug_frame   0x000022a8       0x2c /usr/lib/gcc/arm-none-eabi/12.2.1/../../../arm-none-eabi/lib/thumb/v7e-m+fp/hard/libc_nano.a(lib_a-memset.o)
 .debug_frame   0x000022d4       0x2c /usr/lib/gcc/arm-none-eabi/12.2.1/thumb/v7e-m+fp/hard/libgcc.a(_aeabi_uldivmod.o)
 .debug_frame   0x00002300       0x34 /usr/lib/gcc/arm-none-eabi/12.2.1/thumb/v7e-m+fp/hard/libgcc.a(_udivmoddi4.o)

.debug_loclists
                0x00000000      0xbae
 .debug_loclists
                0x00000000       0x65 /usr/lib/gcc/arm-none-eabi/12.2.1/../../../arm-none-eabi/lib/thumb/v7e-m+fp/hard/libc_nano.a(lib_a-init.o)
 .debug_loclists
                0x00000065      0x1b6 /usr/lib/gcc/arm-none-eabi/12.2.1/../../../arm-none-eabi/lib/thumb/v7e-m+fp/hard/libc_nano.a(lib_a-memset.o)
 .debug_loclists
                0x0000021b      0x993 /usr/lib/gcc/arm-none-eabi/12.2.1/thumb/v7e-m+fp/hard/libgcc.a(_udivmoddi4.o)

.debug_line_str
                0x00000000      0x146
 .debug_line_str
                0x00000000       0xa3 /usr/lib/gcc/arm-none-eabi/12.2.1/../../../arm-none-eabi/lib/thumb/v7e-m+fp/hard/libc_nano.a(lib_a-strlen.o)
 .debug_line_str
                0x000000a3       0x97 /usr/lib/gcc/arm-none-eabi/12.2.1/thumb/v7e-m+fp/hard/libgcc.a(_aeabi_uldivmod.o)
 .debug_line_str
                0x0000013a        0xc /usr/lib/gcc/arm-none-eabi/12.2.1/thumb/v7e-m+fp/hard/libgcc.a(_dvmd_tls.o)
                                 0x9b (size before relaxing)

.debug_rnglists
                0x00000000       0x89
 .debug_rnglists
                0x00000000       0x89 /usr/lib/gcc/arm-none-eabi/12.2.1/thumb/v7e-m+fp/hard/libgcc.a(_udivmoddi4.o)

Cross Reference Table

Symbol                                            File
ADC_IRQHandler                                    build/startup_stm32f411retx.o
AHBPrescTable                                     build/system_stm32f4xx.o
                                                  build/stm32f4xx_hal_rcc.o
APBPrescTable                                     build/system_stm32f4xx.o
                                                  build/stm32f4xx_hal_rcc.o
BusFault_Handler                                  build/stm32f4xx_it.o
CDC_Desc                                          build/usbd_desc.o
                                                  build/usb_device.o
CDC_Transmit_FS                                   build/usbd_cdc_if.o
                                                  build/usb_device.o
DMA1_Stream0_IRQHandler                           build/startup_stm32f411retx.o
DMA1_Stream1_IRQHandler                           build/startup_stm32f411retx.o
DMA1_Stream2_IRQHandler                           build/startup_stm32f411retx.o
DMA1_Stream3_IRQHandler                           build/startup_stm32f411retx.o
DMA1_Stream4_IRQHandler                           build/startup_stm32f411retx.o
DMA1_Stream5_IRQHandler                           build/startup_stm32f411retx.o
DMA1_Stream6_IRQHandler                           build/startup_stm32f411retx.o
DMA1_Stream7_IRQHandler                           build/startup_stm32f411retx.o
DMA2_Stream0_IRQHandler                           build/startup_stm32f411retx.o
DMA2_Stream1_IRQHandler                           build/startup_stm32f411retx.o
DMA2_Stream2_IRQHandler                           build/startup_stm32f411retx.o
DMA2_Stream3_IRQHandler                           build/startup_stm32f411retx.o
DMA2_Stream4_IRQHandler                           build/startup_stm32f411retx.o
DMA2_Stream5_IRQHandler                           build/startup_stm32f411retx.o
DMA2_Stream6_IRQHandler                           build/startup_stm32f411retx.o
DMA2_Stream7_IRQHandler                           build/startup_stm32f411retx.o
DebugMon_Handler                                  build/stm32f4xx_it.o
Default_Handler                                   build/startup_stm32f411retx.o
EXTI0_IRQHandler                                  build/startup_stm32f411retx.o
EXTI15_10_IRQHandler                              build/startup_stm32f411retx.o
EXTI1_IRQHandler                                  build/startup_stm32f411retx.o
EXTI2_IRQHandler                                  build/startup_stm32f411retx.o
EXTI3_IRQHandler                                  build/startup_stm32f411retx.o
EXTI4_IRQHandler                                  build/startup_stm32f411retx.o
EXTI9_5_IRQHandler                                build/startup_stm32f411retx.o
Error_Handler                                     build/main.o
                                                  build/usbd_conf.o
FLASH_Erase_Sector                                build/stm32f4xx_hal_flash_ex.o
                                                  build/stm32f4xx_hal_flash.o
FLASH_FlushCaches                                 build/stm32f4xx_hal_flash_ex.o
                                                  build/stm32f4xx_hal_flash.o
FLASH_IRQHandler                                  build/startup_stm32f411retx.o
FLASH_WaitForLastOperation                        build/stm32f4xx_hal_flash.o
                                                  build/stm32f4xx_hal_flash_ex.o
FPU_IRQHandler                                    build/startup_stm32f411retx.o
HAL_CORTEX_ClearEvent                             build/stm32f4xx_hal_cortex.o
HAL_DBGMCU_DisableDBGSleepMode                    build/stm32f4xx_hal.o
HAL_DBGMCU_DisableDBGStandbyMode                  build/stm32f4xx_hal.o
HAL_DBGMCU_DisableDBGStopMode                     build/stm32f4xx_hal.o
HAL_DBGMCU_EnableDBGSleepMode                     build/stm32f4xx_hal.o
HAL_DBGMCU_EnableDBGStandbyMode                   build/stm32f4xx_hal.o
HAL_DBGMCU_EnableDBGStopMode                      build/stm32f4xx_hal.o
HAL_DMAEx_ChangeMemory                            build/stm32f4xx_hal_dma_ex.o
HAL_DMAEx_MultiBufferStart                        build/stm32f4xx_hal_dma_ex.o
HAL_DMAEx_MultiBufferStart_IT                     build/stm32f4xx_hal_dma_ex.o
HAL_DMA_Abort                                     build/stm32f4xx_hal_dma.o
                                                  build/stm32f4xx_hal_uart.o
HAL_DMA_Abort_IT                                  build/stm32f4xx_hal_dma.o
                                                  build/stm32f4xx_hal_uart.o
HAL_DMA_DeInit                                    build/stm32f4xx_hal_dma.o
HAL_DMA_GetError                                  build/stm32f4xx_hal_dma.o
                                                  build/stm32f4xx_hal_uart.o
HAL_DMA_GetState                                  build/stm32f4xx_hal_dma.o
HAL_DMA_IRQHandler                                build/stm32f4xx_hal_dma.o
HAL_DMA_Init                                      build/stm32f4xx_hal_dma.o
HAL_DMA_PollForTransfer                           build/stm32f4xx_hal_dma.o
HAL_DMA_RegisterCallback                          build/stm32f4xx_hal_dma.o
HAL_DMA_Start                                     build/stm32f4xx_hal_dma.o
HAL_DMA_Start_IT                                  build/stm32f4xx_hal_dma.o
                                                  build/stm32f4xx_hal_uart.o
HAL_DMA_UnRegisterCallback                        build/stm32f4xx_hal_dma.o
HAL_DeInit                                        build/stm32f4xx_hal.o
HAL_Delay                                         build/stm32f4xx_hal.o
                                                  build/stm32f4xx_ll_usb.o
                                                  build/usbd_conf.o
                                                  build/main.o
HAL_DisableCompensationCell                       build/stm32f4xx_hal.o
HAL_EnableCompensationCell                        build/stm32f4xx_hal.o
HAL_FLASHEx_AdvOBGetConfig                        build/stm32f4xx_hal_flash_ex.o
HAL_FLASHEx_AdvOBProgram                          build/stm32f4xx_hal_flash_ex.o
HAL_FLASHEx_DisableFlashSleepMode                 build/stm32f4xx_hal_flash_ramfunc.o
HAL_FLASHEx_EnableFlashSleepMode                  build/stm32f4xx_hal_flash_ramfunc.o
HAL_FLASHEx_Erase                                 build/stm32f4xx_hal_flash_ex.o
HAL_FLASHEx_Erase_IT                              build/stm32f4xx_hal_flash_ex.o
HAL_FLASHEx_OBGetConfig                           build/stm32f4xx_hal_flash_ex.o
HAL_FLASHEx_OBProgram                             build/stm32f4xx_hal_flash_ex.o
HAL_FLASHEx_OB_DeSelectPCROP                      build/stm32f4xx_hal_flash_ex.o
HAL_FLASHEx_OB_SelectPCROP                        build/stm32f4xx_hal_flash_ex.o
HAL_FLASHEx_StartFlashInterfaceClk                build/stm32f4xx_hal_flash_ramfunc.o
HAL_FLASHEx_StopFlashInterfaceClk                 build/stm32f4xx_hal_flash_ramfunc.o
HAL_FLASH_EndOfOperationCallback                  build/stm32f4xx_hal_flash.o
HAL_FLASH_GetError                                build/stm32f4xx_hal_flash.o
HAL_FLASH_IRQHandler                              build/stm32f4xx_hal_flash.o
HAL_FLASH_Lock                                    build/stm32f4xx_hal_flash.o
HAL_FLASH_OB_Launch                               build/stm32f4xx_hal_flash.o
HAL_FLASH_OB_Lock                                 build/stm32f4xx_hal_flash.o
HAL_FLASH_OB_Unlock                               build/stm32f4xx_hal_flash.o
HAL_FLASH_OperationErrorCallback                  build/stm32f4xx_hal_flash.o
HAL_FLASH_Program                                 build/stm32f4xx_hal_flash.o
HAL_FLASH_Program_IT                              build/stm32f4xx_hal_flash.o
HAL_FLASH_Unlock                                  build/stm32f4xx_hal_flash.o
HAL_GPIO_DeInit                                   build/stm32f4xx_hal_gpio.o
                                                  build/usbd_conf.o
HAL_GPIO_EXTI_Callback                            build/stm32f4xx_hal_gpio.o
HAL_GPIO_EXTI_IRQHandler                          build/stm32f4xx_hal_gpio.o
HAL_GPIO_Init                                     build/stm32f4xx_hal_gpio.o
                                                  build/stm32f4xx_hal_rcc.o
                                                  build/usbd_conf.o
                                                  build/main.o
HAL_GPIO_LockPin                                  build/stm32f4xx_hal_gpio.o
HAL_GPIO_ReadPin                                  build/stm32f4xx_hal_gpio.o
HAL_GPIO_TogglePin                                build/stm32f4xx_hal_gpio.o
                                                  build/main.o
HAL_GPIO_WritePin                                 build/stm32f4xx_hal_gpio.o
                                                  build/main.o
HAL_GetDEVID                                      build/stm32f4xx_hal.o
HAL_GetHalVersion                                 build/stm32f4xx_hal.o
HAL_GetREVID                                      build/stm32f4xx_hal.o
HAL_GetTick                                       build/stm32f4xx_hal.o
                                                  build/stm32f4xx_hal_uart.o
                                                  build/stm32f4xx_hal_pwr_ex.o
                                                  build/stm32f4xx_hal_dma.o
                                                  build/stm32f4xx_hal_flash.o
                                                  build/stm32f4xx_hal_rcc_ex.o
                                                  build/stm32f4xx_hal_rcc.o
HAL_GetTickFreq                                   build/stm32f4xx_hal.o
HAL_GetTickPrio                                   build/stm32f4xx_hal.o
HAL_GetUIDw0                                      build/stm32f4xx_hal.o
HAL_GetUIDw1                                      build/stm32f4xx_hal.o
HAL_GetUIDw2                                      build/stm32f4xx_hal.o
HAL_HalfDuplex_EnableReceiver                     build/stm32f4xx_hal_uart.o
HAL_HalfDuplex_EnableTransmitter                  build/stm32f4xx_hal_uart.o
HAL_HalfDuplex_Init                               build/stm32f4xx_hal_uart.o
HAL_IncTick                                       build/stm32f4xx_hal.o
                                                  build/stm32f4xx_it.o
HAL_Init                                          build/stm32f4xx_hal.o
                                                  build/main.o
HAL_InitTick                                      build/stm32f4xx_hal.o
                                                  build/stm32f4xx_hal_rcc_ex.o
                                                  build/stm32f4xx_hal_rcc.o
HAL_LIN_Init                                      build/stm32f4xx_hal_uart.o
HAL_LIN_SendBreak                                 build/stm32f4xx_hal_uart.o
HAL_MPU_ConfigRegion                              build/stm32f4xx_hal_cortex.o
HAL_MPU_Disable                                   build/stm32f4xx_hal_cortex.o
HAL_MPU_DisableRegion                             build/stm32f4xx_hal_cortex.o
HAL_MPU_Enable                                    build/stm32f4xx_hal_cortex.o
HAL_MPU_EnableRegion                              build/stm32f4xx_hal_cortex.o
HAL_MspDeInit                                     build/stm32f4xx_hal.o
HAL_MspInit                                       build/stm32f4xx_hal.o
HAL_MultiProcessor_EnterMuteMode                  build/stm32f4xx_hal_uart.o
HAL_MultiProcessor_ExitMuteMode                   build/stm32f4xx_hal_uart.o
HAL_MultiProcessor_Init                           build/stm32f4xx_hal_uart.o
HAL_NVIC_ClearPendingIRQ                          build/stm32f4xx_hal_cortex.o
HAL_NVIC_DisableIRQ                               build/stm32f4xx_hal_cortex.o
                                                  build/usbd_conf.o
HAL_NVIC_EnableIRQ                                build/stm32f4xx_hal_cortex.o
                                                  build/usbd_conf.o
                                                  build/main.o
HAL_NVIC_GetActive                                build/stm32f4xx_hal_cortex.o
HAL_NVIC_GetPendingIRQ                            build/stm32f4xx_hal_cortex.o
HAL_NVIC_GetPriority                              build/stm32f4xx_hal_cortex.o
HAL_NVIC_GetPriorityGrouping                      build/stm32f4xx_hal_cortex.o
HAL_NVIC_SetPendingIRQ                            build/stm32f4xx_hal_cortex.o
HAL_NVIC_SetPriority                              build/stm32f4xx_hal_cortex.o
                                                  build/stm32f4xx_hal.o
                                                  build/usbd_conf.o
                                                  build/main.o
HAL_NVIC_SetPriorityGrouping                      build/stm32f4xx_hal_cortex.o
                                                  build/stm32f4xx_hal.o
HAL_NVIC_SystemReset                              build/stm32f4xx_hal_cortex.o
HAL_PCDEx_BCD_Callback                            build/stm32f4xx_hal_pcd_ex.o
HAL_PCDEx_LPM_Callback                            build/stm32f4xx_hal_pcd_ex.o
                                                  build/stm32f4xx_hal_pcd.o
HAL_PCDEx_SetRxFiFo                               build/stm32f4xx_hal_pcd_ex.o
                                                  build/usbd_conf.o
HAL_PCDEx_SetTxFiFo                               build/stm32f4xx_hal_pcd_ex.o
                                                  build/usbd_conf.o
HAL_PCD_ActivateRemoteWakeup                      build/stm32f4xx_hal_pcd.o
HAL_PCD_ConnectCallback                           build/usbd_conf.o
HAL_PCD_DataInStageCallback                       build/usbd_conf.o
HAL_PCD_DataOutStageCallback                      build/usbd_conf.o
HAL_PCD_DeActivateRemoteWakeup                    build/stm32f4xx_hal_pcd.o
HAL_PCD_DeInit                                    build/stm32f4xx_hal_pcd.o
                                                  build/usbd_conf.o
HAL_PCD_DevConnect                                build/stm32f4xx_hal_pcd.o
HAL_PCD_DevDisconnect                             build/stm32f4xx_hal_pcd.o
HAL_PCD_DisconnectCallback                        build/usbd_conf.o
HAL_PCD_EP_Abort                                  build/stm32f4xx_hal_pcd.o
HAL_PCD_EP_Close                                  build/stm32f4xx_hal_pcd.o
                                                  build/usbd_conf.o
HAL_PCD_EP_ClrStall                               build/stm32f4xx_hal_pcd.o
                                                  build/usbd_conf.o
HAL_PCD_EP_Flush                                  build/stm32f4xx_hal_pcd.o
                                                  build/usbd_conf.o
HAL_PCD_EP_GetRxCount                             build/stm32f4xx_hal_pcd.o
                                                  build/usbd_conf.o
HAL_PCD_EP_Open                                   build/stm32f4xx_hal_pcd.o
                                                  build/usbd_conf.o
HAL_PCD_EP_Receive                                build/stm32f4xx_hal_pcd.o
                                                  build/usbd_conf.o
HAL_PCD_EP_SetStall                               build/stm32f4xx_hal_pcd.o
                                                  build/usbd_conf.o
HAL_PCD_EP_Transmit                               build/stm32f4xx_hal_pcd.o
                                                  build/usbd_conf.o
HAL_PCD_GetState                                  build/stm32f4xx_hal_pcd.o
HAL_PCD_IRQHandler                                build/stm32f4xx_hal_pcd.o
                                                  build/stm32f4xx_it.o
HAL_PCD_ISOINIncompleteCallback                   build/usbd_conf.o
HAL_PCD_ISOOUTIncompleteCallback                  build/usbd_conf.o
HAL_PCD_Init                                      build/stm32f4xx_hal_pcd.o
                                                  build/usbd_conf.o
HAL_PCD_MspDeInit                                 build/usbd_conf.o
HAL_PCD_MspInit                                   build/usbd_conf.o
HAL_PCD_ResetCallback                             build/usbd_conf.o
HAL_PCD_ResumeCallback                            build/usbd_conf.o
HAL_PCD_SOFCallback                               build/usbd_conf.o
HAL_PCD_SetAddress                                build/stm32f4xx_hal_pcd.o
                                                  build/usbd_conf.o
HAL_PCD_SetTestMode                               build/stm32f4xx_hal_pcd.o
HAL_PCD_SetupStageCallback                        build/usbd_conf.o
HAL_PCD_Start                                     build/stm32f4xx_hal_pcd.o
                                                  build/usbd_conf.o
HAL_PCD_Stop                                      build/stm32f4xx_hal_pcd.o
                                                  build/usbd_conf.o
HAL_PCD_SuspendCallback                           build/usbd_conf.o
HAL_PCD_WKUP_IRQHandler                           build/stm32f4xx_hal_pcd.o
HAL_PWREx_ControlVoltageScaling                   build/stm32f4xx_hal_pwr_ex.o
HAL_PWREx_DisableBkUpReg                          build/stm32f4xx_hal_pwr_ex.o
HAL_PWREx_DisableFlashPowerDown                   build/stm32f4xx_hal_pwr_ex.o
HAL_PWREx_DisableLowRegulatorLowVoltage           build/stm32f4xx_hal_pwr_ex.o
HAL_PWREx_DisableMainRegulatorLowVoltage          build/stm32f4xx_hal_pwr_ex.o
HAL_PWREx_EnableBkUpReg                           build/stm32f4xx_hal_pwr_ex.o
HAL_PWREx_EnableFlashPowerDown                    build/stm32f4xx_hal_pwr_ex.o
HAL_PWREx_EnableLowRegulatorLowVoltage            build/stm32f4xx_hal_pwr_ex.o
HAL_PWREx_EnableMainRegulatorLowVoltage           build/stm32f4xx_hal_pwr_ex.o
HAL_PWREx_GetVoltageRange                         build/stm32f4xx_hal_pwr_ex.o
HAL_PWR_ConfigPVD                                 build/stm32f4xx_hal_pwr.o
HAL_PWR_DeInit                                    build/stm32f4xx_hal_pwr.o
HAL_PWR_DisableBkUpAccess                         build/stm32f4xx_hal_pwr.o
HAL_PWR_DisablePVD                                build/stm32f4xx_hal_pwr.o
HAL_PWR_DisableSEVOnPend                          build/stm32f4xx_hal_pwr.o
HAL_PWR_DisableSleepOnExit                        build/stm32f4xx_hal_pwr.o
HAL_PWR_DisableWakeUpPin                          build/stm32f4xx_hal_pwr.o
HAL_PWR_EnableBkUpAccess                          build/stm32f4xx_hal_pwr.o
HAL_PWR_EnablePVD                                 build/stm32f4xx_hal_pwr.o
HAL_PWR_EnableSEVOnPend                           build/stm32f4xx_hal_pwr.o
HAL_PWR_EnableSleepOnExit                         build/stm32f4xx_hal_pwr.o
HAL_PWR_EnableWakeUpPin                           build/stm32f4xx_hal_pwr.o
HAL_PWR_EnterSLEEPMode                            build/stm32f4xx_hal_pwr.o
HAL_PWR_EnterSTANDBYMode                          build/stm32f4xx_hal_pwr.o
HAL_PWR_EnterSTOPMode                             build/stm32f4xx_hal_pwr.o
HAL_PWR_PVDCallback                               build/stm32f4xx_hal_pwr.o
HAL_PWR_PVD_IRQHandler                            build/stm32f4xx_hal_pwr.o
HAL_RCCEx_DisablePLLI2S                           build/stm32f4xx_hal_rcc_ex.o
HAL_RCCEx_EnablePLLI2S                            build/stm32f4xx_hal_rcc_ex.o
HAL_RCCEx_GetPeriphCLKConfig                      build/stm32f4xx_hal_rcc_ex.o
HAL_RCCEx_GetPeriphCLKFreq                        build/stm32f4xx_hal_rcc_ex.o
HAL_RCCEx_PeriphCLKConfig                         build/stm32f4xx_hal_rcc_ex.o
HAL_RCCEx_SelectLSEMode                           build/stm32f4xx_hal_rcc_ex.o
HAL_RCC_CSSCallback                               build/stm32f4xx_hal_rcc.o
HAL_RCC_ClockConfig                               build/stm32f4xx_hal_rcc.o
                                                  build/main.o
HAL_RCC_DeInit                                    build/stm32f4xx_hal_rcc_ex.o
                                                  build/stm32f4xx_hal_rcc.o
HAL_RCC_DisableCSS                                build/stm32f4xx_hal_rcc.o
HAL_RCC_EnableCSS                                 build/stm32f4xx_hal_rcc.o
HAL_RCC_GetClockConfig                            build/stm32f4xx_hal_rcc.o
HAL_RCC_GetHCLKFreq                               build/stm32f4xx_hal_rcc.o
                                                  build/stm32f4xx_hal_pcd.o
HAL_RCC_GetOscConfig                              build/stm32f4xx_hal_rcc.o
HAL_RCC_GetPCLK1Freq                              build/stm32f4xx_hal_rcc.o
                                                  build/stm32f4xx_hal_uart.o
HAL_RCC_GetPCLK2Freq                              build/stm32f4xx_hal_rcc.o
                                                  build/stm32f4xx_hal_uart.o
HAL_RCC_GetSysClockFreq                           build/stm32f4xx_hal_rcc.o
HAL_RCC_MCOConfig                                 build/stm32f4xx_hal_rcc.o
HAL_RCC_NMI_IRQHandler                            build/stm32f4xx_hal_rcc.o
HAL_RCC_OscConfig                                 build/stm32f4xx_hal_rcc.o
                                                  build/main.o
HAL_ResumeTick                                    build/stm32f4xx_hal.o
HAL_SYSTICK_CLKSourceConfig                       build/stm32f4xx_hal_cortex.o
HAL_SYSTICK_Callback                              build/stm32f4xx_hal_cortex.o
HAL_SYSTICK_Config                                build/stm32f4xx_hal_cortex.o
                                                  build/stm32f4xx_hal.o
HAL_SYSTICK_IRQHandler                            build/stm32f4xx_hal_cortex.o
HAL_SetTickFreq                                   build/stm32f4xx_hal.o
HAL_SuspendTick                                   build/stm32f4xx_hal.o
HAL_UARTEx_GetRxEventType                         build/stm32f4xx_hal_uart.o
HAL_UARTEx_ReceiveToIdle                          build/stm32f4xx_hal_uart.o
HAL_UARTEx_ReceiveToIdle_DMA                      build/stm32f4xx_hal_uart.o
HAL_UARTEx_ReceiveToIdle_IT                       build/stm32f4xx_hal_uart.o
HAL_UARTEx_RxEventCallback                        build/stm32f4xx_hal_uart.o
HAL_UART_Abort                                    build/stm32f4xx_hal_uart.o
HAL_UART_AbortCpltCallback                        build/stm32f4xx_hal_uart.o
HAL_UART_AbortReceive                             build/stm32f4xx_hal_uart.o
HAL_UART_AbortReceiveCpltCallback                 build/stm32f4xx_hal_uart.o
HAL_UART_AbortReceive_IT                          build/stm32f4xx_hal_uart.o
HAL_UART_AbortTransmit                            build/stm32f4xx_hal_uart.o
HAL_UART_AbortTransmitCpltCallback                build/stm32f4xx_hal_uart.o
HAL_UART_AbortTransmit_IT                         build/stm32f4xx_hal_uart.o
HAL_UART_Abort_IT                                 build/stm32f4xx_hal_uart.o
HAL_UART_DMAPause                                 build/stm32f4xx_hal_uart.o
HAL_UART_DMAResume                                build/stm32f4xx_hal_uart.o
HAL_UART_DMAStop                                  build/stm32f4xx_hal_uart.o
HAL_UART_DeInit                                   build/stm32f4xx_hal_uart.o
HAL_UART_ErrorCallback                            build/stm32f4xx_hal_uart.o
HAL_UART_GetError                                 build/stm32f4xx_hal_uart.o
HAL_UART_GetState                                 build/stm32f4xx_hal_uart.o
HAL_UART_IRQHandler                               build/stm32f4xx_hal_uart.o
                                                  build/stm32f4xx_it.o
HAL_UART_Init                                     build/stm32f4xx_hal_uart.o
                                                  build/main.o
HAL_UART_MspDeInit                                build/stm32f4xx_hal_uart.o
HAL_UART_MspInit                                  build/stm32f4xx_hal_uart.o
HAL_UART_Receive                                  build/stm32f4xx_hal_uart.o
HAL_UART_Receive_DMA                              build/stm32f4xx_hal_uart.o
HAL_UART_Receive_IT                               build/stm32f4xx_hal_uart.o
HAL_UART_RxCpltCallback                           build/stm32f4xx_hal_uart.o
HAL_UART_RxHalfCpltCallback                       build/stm32f4xx_hal_uart.o
HAL_UART_Transmit                                 build/stm32f4xx_hal_uart.o
                                                  build/main.o
HAL_UART_Transmit_DMA                             build/stm32f4xx_hal_uart.o
HAL_UART_Transmit_IT                              build/stm32f4xx_hal_uart.o
HAL_UART_TxCpltCallback                           build/stm32f4xx_hal_uart.o
HAL_UART_TxHalfCpltCallback                       build/stm32f4xx_hal_uart.o
HardFault_Handler                                 build/stm32f4xx_it.o
I2C1_ER_IRQHandler                                build/startup_stm32f411retx.o
I2C1_EV_IRQHandler                                build/startup_stm32f411retx.o
I2C2_ER_IRQHandler                                build/startup_stm32f411retx.o
I2C2_EV_IRQHandler                                build/startup_stm32f411retx.o
I2C3_ER_IRQHandler                                build/startup_stm32f411retx.o
I2C3_EV_IRQHandler                                build/startup_stm32f411retx.o
LineCoding                                        build/usbd_cdc_if.o
MX_USB_Device_Init                                build/usb_device.o
                                                  build/main.o
MemManage_Handler                                 build/stm32f4xx_it.o
NMI_Handler                                       build/stm32f4xx_it.o
OTG_FS_IRQHandler                                 build/stm32f4xx_it.o
OTG_FS_WKUP_IRQHandler                            build/startup_stm32f411retx.o
PVD_IRQHandler                                    build/startup_stm32f411retx.o
PendSV_Handler                                    build/stm32f4xx_it.o
RCC_IRQHandler                                    build/startup_stm32f411retx.o
RTC_Alarm_IRQHandler                              build/startup_stm32f411retx.o
RTC_WKUP_IRQHandler                               build/startup_stm32f411retx.o
Reset_Handler                                     build/startup_stm32f411retx.o
SDIO_IRQHandler                                   build/startup_stm32f411retx.o
SPI1_IRQHandler                                   build/startup_stm32f411retx.o
SPI2_IRQHandler                                   build/startup_stm32f411retx.o
SPI3_IRQHandler                                   build/startup_stm32f411retx.o
SPI4_IRQHandler                                   build/startup_stm32f411retx.o
SPI5_IRQHandler                                   build/startup_stm32f411retx.o
SVC_Handler                                       build/stm32f4xx_it.o
SysTick_Handler                                   build/stm32f4xx_it.o
SystemCoreClock                                   build/system_stm32f4xx.o
                                                  build/stm32f4xx_hal_dma.o
                                                  build/stm32f4xx_hal_rcc_ex.o
                                                  build/stm32f4xx_hal_rcc.o
                                                  build/stm32f4xx_hal.o
SystemCoreClockUpdate                             build/system_stm32f4xx.o
SystemInit                                        build/system_stm32f4xx.o
                                                  build/startup_stm32f411retx.o
TAMP_STAMP_IRQHandler                             build/startup_stm32f411retx.o
TIM1_BRK_TIM9_IRQHandler                          build/startup_stm32f411retx.o
TIM1_CC_IRQHandler                                build/startup_stm32f411retx.o
TIM1_TRG_COM_TIM11_IRQHandler                     build/startup_stm32f411retx.o
TIM1_UP_TIM10_IRQHandler                          build/startup_stm32f411retx.o
TIM2_IRQHandler                                   build/startup_stm32f411retx.o
TIM3_IRQHandler                                   build/startup_stm32f411retx.o
TIM4_IRQHandler                                   build/startup_stm32f411retx.o